Archive member included because of file (symbol)

/home/user/RIOT/examples/smart-baby-room/bin/nucleo-f334/core.a(panic.o)
                              /home/user/RIOT/examples/smart-baby-room/bin/nucleo-f334/newlib_syscalls_default/syscalls.o (core_panic)
/home/user/RIOT/examples/smart-baby-room/bin/nucleo-f334/core.a(sched.o)
                              /home/user/RIOT/examples/smart-baby-room/bin/nucleo-f334/newlib_syscalls_default/syscalls.o (sched_active_pid)
/home/user/RIOT/examples/smart-baby-room/bin/nucleo-f334/core.a(bitarithm.o)
                              /home/user/RIOT/examples/smart-baby-room/bin/nucleo-f334/core.a(sched.o) (bitarithm_lsb)
/home/user/RIOT/examples/smart-baby-room/bin/nucleo-f334/cortexm_common.a(irq_arch.o)
                              /home/user/RIOT/examples/smart-baby-room/bin/nucleo-f334/newlib_syscalls_default/syscalls.o (irq_arch_disable)
/home/user/RIOT/examples/smart-baby-room/bin/nucleo-f334/cortexm_common.a(panic.o)
                              /home/user/RIOT/examples/smart-baby-room/bin/nucleo-f334/core.a(panic.o) (panic_arch)
/home/user/RIOT/examples/smart-baby-room/bin/nucleo-f334/cortexm_common.a(reboot_arch.o)
                              /home/user/RIOT/examples/smart-baby-room/bin/nucleo-f334/newlib_syscalls_default/syscalls.o (reboot)
/home/user/RIOT/examples/smart-baby-room/bin/nucleo-f334/cortexm_common.a(thread_arch.o)
                              /home/user/RIOT/examples/smart-baby-room/bin/nucleo-f334/core.a(sched.o) (thread_arch_start_threading)
/home/user/RIOT/examples/smart-baby-room/bin/nucleo-f334/cortexm_common.a(vectors_cortexm.o)
                              /home/user/RIOT/examples/smart-baby-room/bin/nucleo-f334/cpu/vectors.o (reset_handler_default)
/home/user/RIOT/examples/smart-baby-room/bin/nucleo-f334/cpu.a(lpm_arch.o)
                              /home/user/RIOT/examples/smart-baby-room/bin/nucleo-f334/cortexm_common.a(panic.o) (lpm_arch_set)
/home/user/RIOT/examples/smart-baby-room/bin/nucleo-f334/uart_stdio.a(uart_stdio.o)
                              /home/user/RIOT/examples/smart-baby-room/bin/nucleo-f334/newlib_syscalls_default/syscalls.o (uart_stdio_init)
/home/user/RIOT/examples/smart-baby-room/bin/nucleo-f334/xtimer.a(xtimer_core.o)
                              /home/user/RIOT/examples/smart-baby-room/bin/nucleo-f334/newlib_syscalls_default/syscalls.o (xtimer_now64)
/home/user/RIOT/examples/smart-baby-room/bin/nucleo-f334/board.a(board.o)
                              /home/user/RIOT/examples/smart-baby-room/bin/nucleo-f334/cortexm_common.a(vectors_cortexm.o) (board_init)
/home/user/RIOT/examples/smart-baby-room/bin/nucleo-f334/core.a(kernel_init.o)
                              /home/user/RIOT/examples/smart-baby-room/bin/nucleo-f334/cortexm_common.a(vectors_cortexm.o) (kernel_init)
/home/user/RIOT/examples/smart-baby-room/bin/nucleo-f334/core.a(mutex.o)
                              /home/user/RIOT/examples/smart-baby-room/bin/nucleo-f334/uart_stdio.a(uart_stdio.o) (_mutex_lock)
/home/user/RIOT/examples/smart-baby-room/bin/nucleo-f334/core.a(thread.o)
                              /home/user/RIOT/examples/smart-baby-room/bin/nucleo-f334/core.a(mutex.o) (thread_add_to_list)
/home/user/RIOT/examples/smart-baby-room/bin/nucleo-f334/cpu.a(cpu.o)
                              /home/user/RIOT/examples/smart-baby-room/bin/nucleo-f334/board.a(board.o) (cpu_init)
/home/user/RIOT/examples/smart-baby-room/bin/nucleo-f334/periph.a(gpio.o)
                              /home/user/RIOT/examples/smart-baby-room/bin/nucleo-f334/board.a(board.o) (gpio_init)
/home/user/RIOT/examples/smart-baby-room/bin/nucleo-f334/periph.a(timer.o)
                              /home/user/RIOT/examples/smart-baby-room/bin/nucleo-f334/xtimer.a(xtimer_core.o) (timer_set_absolute)
/home/user/RIOT/examples/smart-baby-room/bin/nucleo-f334/periph.a(uart.o)
                              /home/user/RIOT/examples/smart-baby-room/bin/nucleo-f334/uart_stdio.a(uart_stdio.o) (uart_init)
/home/user/RIOT/examples/smart-baby-room/bin/nucleo-f334/tsrb.a(tsrb.o)
                              /home/user/RIOT/examples/smart-baby-room/bin/nucleo-f334/uart_stdio.a(uart_stdio.o) (tsrb_get)
/home/user/RIOT/examples/smart-baby-room/bin/nucleo-f334/smart-baby-room.a(main.o)
                              /home/user/RIOT/examples/smart-baby-room/bin/nucleo-f334/core.a(kernel_init.o) (main)
/home/user/RIOT/examples/smart-baby-room/bin/nucleo-f334/auto_init.a(auto_init.o)
                              /home/user/RIOT/examples/smart-baby-room/bin/nucleo-f334/core.a(kernel_init.o) (auto_init)
/home/user/RIOT/examples/smart-baby-room/bin/nucleo-f334/cortexm_common.a(cortexm_init.o)
                              /home/user/RIOT/examples/smart-baby-room/bin/nucleo-f334/cpu.a(cpu.o) (cortexm_init)
/home/user/RIOT/examples/smart-baby-room/bin/nucleo-f334/dht.a(dht.o)
[...]
Memory Configuration

Name             Origin             Length             Attributes
rom              0x08000000         0x00010000         xr
ram              0x20000000         0x00003000         xrw
ccmram           0x10000000         0x00001000         xrw
cpuid            0x1ffff7ac         0x0000000c         r
*default*        0x00000000         0xffffffff

Linker script and memory map

LOAD /home/user/RIOT/examples/smart-baby-room/bin/nucleo-f334/newlib_syscalls_default/syscalls.o
LOAD /home/user/RIOT/examples/smart-baby-room/bin/nucleo-f334/cpu/vectors.o
START GROUP
LOAD /home/user/RIOT/examples/smart-baby-room/bin/nucleo-f334/auto_init.a
LOAD /home/user/RIOT/examples/smart-baby-room/bin/nucleo-f334/board.a
LOAD /home/user/RIOT/examples/smart-baby-room/bin/nucleo-f334/core.a
LOAD /home/user/RIOT/examples/smart-baby-room/bin/nucleo-f334/cortexm_common.a
LOAD /home/user/RIOT/examples/smart-baby-room/bin/nucleo-f334/cpu.a
LOAD /home/user/RIOT/examples/smart-baby-room/bin/nucleo-f334/dht.a
LOAD /home/user/RIOT/examples/smart-baby-room/bin/nucleo-f334/newlib_syscalls_default.a
LOAD /home/user/RIOT/examples/smart-baby-room/bin/nucleo-f334/periph.a
LOAD /home/user/RIOT/examples/smart-baby-room/bin/nucleo-f334/periph_common.a
LOAD /home/user/RIOT/examples/smart-baby-room/bin/nucleo-f334/stm32_common.a
LOAD /home/user/RIOT/examples/smart-baby-room/bin/nucleo-f334/stm32_common_periph.a
LOAD /home/user/RIOT/examples/smart-baby-room/bin/nucleo-f334/sys.a
LOAD /home/user/RIOT/examples/smart-baby-room/bin/nucleo-f334/tsrb.a
LOAD /home/user/RIOT/examples/smart-baby-room/bin/nucleo-f334/uart_stdio.a
LOAD /home/user/RIOT/examples/smart-baby-room/bin/nucleo-f334/xtimer.a
LOAD /home/user/RIOT/examples/smart-baby-room/bin/nucleo-f334/smart-baby-room.a
LOAD /usr/bin/../lib/gcc/arm-none-eabi/4.9.3/../../../../arm-none-eabi/lib/armv7e-m/libm.a
END GROUP
LOAD /usr/bin/../lib/gcc/arm-none-eabi/4.9.3/armv7e-m/libgcc.a
LOAD /usr/bin/../lib/gcc/arm-none-eabi/4.9.3/../../../../arm-none-eabi/lib/armv7e-m/libc_nano.a
LOAD /usr/bin/../lib/gcc/arm-none-eabi/4.9.3/../../../../arm-none-eabi/lib/armv7e-m/libnosys.a
START GROUP
LOAD /usr/bin/../lib/gcc/arm-none-eabi/4.9.3/armv7e-m/libgcc.a
LOAD /usr/bin/../lib/gcc/arm-none-eabi/4.9.3/../../../../arm-none-eabi/lib/armv7e-m/libg_nano.a
LOAD /usr/bin/../lib/gcc/arm-none-eabi/4.9.3/../../../../arm-none-eabi/lib/armv7e-m/libc_nano.a
END GROUP
START GROUP
LOAD /usr/bin/../lib/gcc/arm-none-eabi/4.9.3/armv7e-m/libgcc.a
LOAD /usr/bin/../lib/gcc/arm-none-eabi/4.9.3/../../../../arm-none-eabi/lib/armv7e-m/libc_nano.a
END GROUP
                0x1ffff7ac                _cpuid_address = ORIGIN (cpuid)

.text           0x08000000     0x29bc
                0x08000000                . = ALIGN (0x4)
                0x08000000                _sfixed = .
 *(.vectors .vectors.*)
 .vectors       0x08000000      0x188 /home/user/RIOT/examples/smart-baby-room/bin/nucleo-f334/cpu/vectors.o
                0x08000000                interrupt_vector
 *(.text .text.* .gnu.linkonce.t.*)
 .text._init    0x08000188        0x4 /home/user/RIOT/examples/smart-baby-room/bin/nucleo-f334/newlib_syscalls_default/syscalls.o
                0x08000188                _init
 .text._sbrk_r  0x0800018c       0x3c /home/user/RIOT/examples/smart-baby-room/bin/nucleo-f334/newlib_syscalls_default/syscalls.o
                0x0800018c                _sbrk_r
 .text._read_r  0x080001c8        0x8 /home/user/RIOT/examples/smart-baby-room/bin/nucleo-f334/newlib_syscalls_default/syscalls.o
                0x080001c8                _read_r
 .text._write_r
                0x080001d0        0x8 /home/user/RIOT/examples/smart-baby-room/bin/nucleo-f334/newlib_syscalls_default/syscalls.o
                0x080001d0                _write_r
 .text._close_r
                0x080001d8        0xa /home/user/RIOT/examples/smart-baby-room/bin/nucleo-f334/newlib_syscalls_default/syscalls.o
                0x080001d8                _close_r
 .text._lseek_r
                0x080001e2        0xa /home/user/RIOT/examples/smart-baby-room/bin/nucleo-f334/newlib_syscalls_default/syscalls.o
                0x080001e2                _lseek_r
 .text._fstat_r
                0x080001ec        0xa /home/user/RIOT/examples/smart-baby-room/bin/nucleo-f334/newlib_syscalls_default/syscalls.o
                0x080001ec                _fstat_r
 .text._isatty_r
                0x080001f6       0x10 /home/user/RIOT/examples/smart-baby-room/bin/nucleo-f334/newlib_syscalls_default/syscalls.o
                0x080001f6                _isatty_r
 .text.dummy_handler
                0x08000206        0x4 /home/user/RIOT/examples/smart-baby-room/bin/nucleo-f334/cpu/vectors.o
                0x08000206                isr_pvd
                0x08000206                isr_rtc_wkup
                0x08000206                isr_tim1_trg_com_tim17
                0x08000206                isr_dma1_channel4
                0x08000206                isr_usart1
                0x08000206                isr_comp4_5_6
                0x08000206                isr_tim7
                0x08000206                isr_i2c1_ev
                0x08000206                isr_can_rx1
                0x08000206                isr_dma1_channel5
                0x08000206                isr_tim4
                0x08000206                isr_dma1_channel2
                0x08000206                isr_adc3
                0x08000206                isr_usb_hp_can_tx
                0x08000206                isr_dma1_channel7
                0x08000206                isr_dma2_channel4
                0x08000206                isr_spi2
                0x08000206                isr_tamp_stamp
                0x08000206                isr_dma1_channel1
                0x08000206                dummy_handler
                0x08000206                isr_tim1_up_tim16
                0x08000206                isr_adc1_2
                0x08000206                isr_usb_hp
                0x08000206                isr_spi1
                0x08000206                isr_usb_lp
                0x08000206                isr_rcc
                0x08000206                isr_flash
                0x08000206                isr_uart5
                0x08000206                isr_dma2_channel5
                0x08000206                isr_comp7
                0x08000206                isr_tim1_cc
                0x08000206                isr_usbwakeup
                0x08000206                isr_usbwakeup_rmp
                0x08000206                isr_dma2_channel1
                0x08000206                isr_tim6_dac
                0x08000206                isr_uart4
                0x08000206                isr_tim8_brk
                0x08000206                isr_i2c2_er
                0x08000206                isr_dma1_channel6
                0x08000206                isr_can_sce
                0x08000206                isr_spi3
                0x08000206                isr_tim1_brk_tim15
                0x08000206                isr_tim3
                0x08000206                isr_tim8_up
                0x08000206                isr_adc4
                0x08000206                isr_usart3
                0x08000206                isr_fpu
                0x08000206                isr_comp1_2_3
                0x08000206                isr_tim8_cc
                0x08000206                isr_i2c2_ev
                0x08000206                isr_dma2_channel2
                0x08000206                isr_dma2_channel3
                0x08000206                isr_rtc_alarm
                0x08000206                isr_dma1_channel3
                0x08000206                isr_tim8_trg_com
                0x08000206                isr_systick
                0x08000206                isr_i2c1_er
                0x08000206                isr_usb_lp_can_rx0
                0x08000206                isr_wwdg
 *fill*         0x0800020a        0x2 
 .text.core_panic
                0x0800020c       0x40 /home/user/RIOT/examples/smart-baby-room/bin/nucleo-f334/core.a(panic.o)
                0x0800020c                core_panic
 .text.sched_run
                0x0800024c       0x5c /home/user/RIOT/examples/smart-baby-room/bin/nucleo-f334/core.a(sched.o)
                0x0800024c                sched_run
 .text.sched_set_status
                0x080002a8       0x80 /home/user/RIOT/examples/smart-baby-room/bin/nucleo-f334/core.a(sched.o)
                0x080002a8                sched_set_status
 .text.sched_switch
                0x08000328       0x34 /home/user/RIOT/examples/smart-baby-room/bin/nucleo-f334/core.a(sched.o)
                0x08000328                sched_switch
 .text.sched_task_exit
                0x0800035c       0x3c /home/user/RIOT/examples/smart-baby-room/bin/nucleo-f334/core.a(sched.o)
                0x0800035c                sched_task_exit
 .text.bitarithm_lsb
                0x08000398       0x10 /home/user/RIOT/examples/smart-baby-room/bin/nucleo-f334/core.a(bitarithm.o)
                0x08000398                bitarithm_lsb
 .text.irq_arch_disable
                0x080003a8        0x8 /home/user/RIOT/examples/smart-baby-room/bin/nucleo-f334/cortexm_common.a(irq_arch.o)
                0x080003a8                irq_arch_disable
 .text.irq_arch_enable
                0x080003b0        0x8 /home/user/RIOT/examples/smart-baby-room/bin/nucleo-f334/cortexm_common.a(irq_arch.o)
                0x080003b0                irq_arch_enable
 .text.irq_arch_restore
                0x080003b8        0x6 /home/user/RIOT/examples/smart-baby-room/bin/nucleo-f334/cortexm_common.a(irq_arch.o)
                0x080003b8                irq_arch_restore
 .text.irq_arch_in
                0x080003be        0x8 /home/user/RIOT/examples/smart-baby-room/bin/nucleo-f334/cortexm_common.a(irq_arch.o)
                0x080003be                irq_arch_in
 *fill*         0x080003c6        0x2 
 .text.panic_arch
                0x080003c8       0x24 /home/user/RIOT/examples/smart-baby-room/bin/nucleo-f334/cortexm_common.a(panic.o)
                0x080003c8                panic_arch
 .text.thread_arch_stack_init
                0x080003ec       0x6c /home/user/RIOT/examples/smart-baby-room/bin/nucleo-f334/cortexm_common.a(thread_arch.o)
                0x080003ec                thread_arch_stack_init
 .text.thread_arch_start_threading
                0x08000458        0x8 /home/user/RIOT/examples/smart-baby-room/bin/nucleo-f334/cortexm_common.a(thread_arch.o)
                0x08000458                thread_arch_start_threading
 .text.thread_arch_yield
                0x08000460       0x10 /home/user/RIOT/examples/smart-baby-room/bin/nucleo-f334/cortexm_common.a(thread_arch.o)
                0x08000460                thread_arch_yield
 .text.arch_context_switch
                0x08000470       0x2c /home/user/RIOT/examples/smart-baby-room/bin/nucleo-f334/cortexm_common.a(thread_arch.o)
                0x08000470                isr_pendsv
                0x08000470                arch_context_switch
                0x08000482                isr_svc
 .text.pre_startup
                0x0800049c        0x2 /home/user/RIOT/examples/smart-baby-room/bin/nucleo-f334/cortexm_common.a(vectors_cortexm.o)
                0x0800049c                pre_startup
 .text.post_startup
                0x0800049e        0x2 /home/user/RIOT/examples/smart-baby-room/bin/nucleo-f334/cortexm_common.a(vectors_cortexm.o)
                0x0800049e                post_startup
 .text.reset_handler_default
                0x080004a0       0x6c /home/user/RIOT/examples/smart-baby-room/bin/nucleo-f334/cortexm_common.a(vectors_cortexm.o)
                0x080004a0                reset_handler_default
 .text.nmi_default
                0x0800050c       0x10 /home/user/RIOT/examples/smart-baby-room/bin/nucleo-f334/cortexm_common.a(vectors_cortexm.o)
                0x0800050c                nmi_default
 .text.hard_fault_default
                0x0800051c       0x44 /home/user/RIOT/examples/smart-baby-room/bin/nucleo-f334/cortexm_common.a(vectors_cortexm.o)
                0x0800051c                hard_fault_default
 .text.hard_fault_handler
                0x08000560      0x174 /home/user/RIOT/examples/smart-baby-room/bin/nucleo-f334/cortexm_common.a(vectors_cortexm.o)
                0x08000560                hard_fault_handler
 .text.mem_manage_default
                0x080006d4       0x10 /home/user/RIOT/examples/smart-baby-room/bin/nucleo-f334/cortexm_common.a(vectors_cortexm.o)
                0x080006d4                mem_manage_default
 .text.bus_fault_default
                0x080006e4       0x10 /home/user/RIOT/examples/smart-baby-room/bin/nucleo-f334/cortexm_common.a(vectors_cortexm.o)
                0x080006e4                bus_fault_default
 .text.usage_fault_default
                0x080006f4       0x10 /home/user/RIOT/examples/smart-baby-room/bin/nucleo-f334/cortexm_common.a(vectors_cortexm.o)
                0x080006f4                usage_fault_default
 .text.debug_mon_default
                0x08000704       0x10 /home/user/RIOT/examples/smart-baby-room/bin/nucleo-f334/cortexm_common.a(vectors_cortexm.o)
                0x08000704                debug_mon_default
 .text.dummy_handler_default
                0x08000714       0x10 /home/user/RIOT/examples/smart-baby-room/bin/nucleo-f334/cortexm_common.a(vectors_cortexm.o)
                0x08000714                dummy_handler_default
 .text.lpm_arch_set
                0x08000724        0x4 /home/user/RIOT/examples/smart-baby-room/bin/nucleo-f334/cpu.a(lpm_arch.o)
                0x08000724                lpm_arch_set
 .text.uart_stdio_rx_cb
                0x08000728       0x1c /home/user/RIOT/examples/smart-baby-room/bin/nucleo-f334/uart_stdio.a(uart_stdio.o)
                0x08000728                uart_stdio_rx_cb
 .text.uart_stdio_init
                0x08000744       0x14 /home/user/RIOT/examples/smart-baby-room/bin/nucleo-f334/uart_stdio.a(uart_stdio.o)
                0x08000744                uart_stdio_init
 .text.uart_stdio_read
                0x08000758       0x28 /home/user/RIOT/examples/smart-baby-room/bin/nucleo-f334/uart_stdio.a(uart_stdio.o)
                0x08000758                uart_stdio_read
 .text.uart_stdio_write
                0x08000780       0x14 /home/user/RIOT/examples/smart-baby-room/bin/nucleo-f334/uart_stdio.a(uart_stdio.o)
                0x08000780                uart_stdio_write
 .text._lltimer_now
                0x08000794        0x6 /home/user/RIOT/examples/smart-baby-room/bin/nucleo-f334/xtimer.a(xtimer_core.o)
 *fill*         0x0800079a        0x2 
 .text._lltimer_set
                0x0800079c       0x1c /home/user/RIOT/examples/smart-baby-room/bin/nucleo-f334/xtimer.a(xtimer_core.o)
 .text._add_timer_to_long_list.constprop.4
                0x080007b8       0x2c /home/user/RIOT/examples/smart-baby-room/bin/nucleo-f334/xtimer.a(xtimer_core.o)
 .text._next_period
                0x080007e4       0x8c /home/user/RIOT/examples/smart-baby-room/bin/nucleo-f334/xtimer.a(xtimer_core.o)
 .text._periph_timer_callback
                0x08000870       0xbc /home/user/RIOT/examples/smart-baby-room/bin/nucleo-f334/xtimer.a(xtimer_core.o)
 .text._remove  0x0800092c       0x60 /home/user/RIOT/examples/smart-baby-room/bin/nucleo-f334/xtimer.a(xtimer_core.o)
 .text.xtimer_init
                0x0800098c       0x24 /home/user/RIOT/examples/smart-baby-room/bin/nucleo-f334/xtimer.a(xtimer_core.o)
                0x0800098c                xtimer_init
 .text._xtimer_set_absolute
                0x080009b0       0xc4 /home/user/RIOT/examples/smart-baby-room/bin/nucleo-f334/xtimer.a(xtimer_core.o)
                0x080009b0                _xtimer_set_absolute
 .text.xtimer_remove
                0x08000a74       0x24 /home/user/RIOT/examples/smart-baby-room/bin/nucleo-f334/xtimer.a(xtimer_core.o)
                0x08000a74                xtimer_remove
 .text.xtimer_set
                0x08000a98       0x3e /home/user/RIOT/examples/smart-baby-room/bin/nucleo-f334/xtimer.a(xtimer_core.o)
                0x08000a98                xtimer_set
 *fill*         0x08000ad6        0x2 
 .text._xtimer_set64
                0x08000ad8       0x60 /home/user/RIOT/examples/smart-baby-room/bin/nucleo-f334/xtimer.a(xtimer_core.o)
                0x08000ad8                _xtimer_set64
 .text.board_init
                0x08000b38       0x18 /home/user/RIOT/examples/smart-baby-room/bin/nucleo-f334/board.a(board.o)
                0x08000b38                board_init
 .text.main_trampoline
                0x08000b50       0x18 /home/user/RIOT/examples/smart-baby-room/bin/nucleo-f334/core.a(kernel_init.o)
 .text.idle_thread
                0x08000b68       0x14 /home/user/RIOT/examples/smart-baby-room/bin/nucleo-f334/core.a(kernel_init.o)
 .text.kernel_init
                0x08000b7c       0x58 /home/user/RIOT/examples/smart-baby-room/bin/nucleo-f334/core.a(kernel_init.o)
                0x08000b7c                kernel_init
 .text._mutex_lock
                0x08000bd4       0x60 /home/user/RIOT/examples/smart-baby-room/bin/nucleo-f334/core.a(mutex.o)
                0x08000bd4                _mutex_lock
 .text.mutex_unlock
                0x08000c34       0x4a /home/user/RIOT/examples/smart-baby-room/bin/nucleo-f334/core.a(mutex.o)
                0x08000c34                mutex_unlock
 *fill*         0x08000c7e        0x2 
 .text.thread_yield
                0x08000c80       0x34 /home/user/RIOT/examples/smart-baby-room/bin/nucleo-f334/core.a(thread.o)
                0x08000c80                thread_yield
 .text.thread_add_to_list
                0x08000cb4       0x30 /home/user/RIOT/examples/smart-baby-room/bin/nucleo-f334/core.a(thread.o)
                0x08000cb4                thread_add_to_list
 .text.thread_create
                0x08000ce4       0xf4 /home/user/RIOT/examples/smart-baby-room/bin/nucleo-f334/core.a(thread.o)
                0x08000ce4                thread_create
 .text.cpu_init
                0x08000dd8       0xc4 /home/user/RIOT/examples/smart-baby-room/bin/nucleo-f334/cpu.a(cpu.o)
                0x08000dd8                cpu_init
 .text.gpio_init
                0x08000e9c       0x78 /home/user/RIOT/examples/smart-baby-room/bin/nucleo-f334/periph.a(gpio.o)
                0x08000e9c                gpio_init
 .text.gpio_read
                0x08000f14       0x22 /home/user/RIOT/examples/smart-baby-room/bin/nucleo-f334/periph.a(gpio.o)
                0x08000f14                gpio_read
 .text.gpio_set
                0x08000f36       0x12 /home/user/RIOT/examples/smart-baby-room/bin/nucleo-f334/periph.a(gpio.o)
                0x08000f36                gpio_set
 .text.gpio_clear
                0x08000f48       0x12 /home/user/RIOT/examples/smart-baby-room/bin/nucleo-f334/periph.a(gpio.o)
                0x08000f48                gpio_clear
 .text.gpio_toggle
                0x08000f5a       0x1e /home/user/RIOT/examples/smart-baby-room/bin/nucleo-f334/periph.a(gpio.o)
                0x08000f5a                gpio_toggle
 .text.isr_exti
                0x08000f78       0x48 /home/user/RIOT/examples/smart-baby-room/bin/nucleo-f334/periph.a(gpio.o)
                0x08000f78                isr_exti
 .text.timer_set_absolute
                0x08000fc0       0x72 /home/user/RIOT/examples/smart-baby-room/bin/nucleo-f334/periph.a(timer.o)
                0x08000fc0                timer_set_absolute
 .text.timer_read
                0x08001032        0xe /home/user/RIOT/examples/smart-baby-room/bin/nucleo-f334/periph.a(timer.o)
                0x08001032                timer_read
 .text.timer_start
                0x08001040       0x10 /home/user/RIOT/examples/smart-baby-room/bin/nucleo-f334/periph.a(timer.o)
                0x08001040                timer_start
 .text.timer_irq_enable
                0x08001050       0x10 /home/user/RIOT/examples/smart-baby-room/bin/nucleo-f334/periph.a(timer.o)
                0x08001050                timer_irq_enable
 .text.timer_init
                0x08001060       0x5c /home/user/RIOT/examples/smart-baby-room/bin/nucleo-f334/periph.a(timer.o)
                0x08001060                timer_init
 .text.isr_tim2
                0x080010bc       0xa0 /home/user/RIOT/examples/smart-baby-room/bin/nucleo-f334/periph.a(timer.o)
                0x080010bc                isr_tim2
 .text.uart_init
                0x0800115c       0x94 /home/user/RIOT/examples/smart-baby-room/bin/nucleo-f334/periph.a(uart.o)
                0x0800115c                uart_init
 .text.uart_write
                0x080011f0       0x20 /home/user/RIOT/examples/smart-baby-room/bin/nucleo-f334/periph.a(uart.o)
                0x080011f0                uart_write
 .text.isr_usart2
                0x08001210       0x44 /home/user/RIOT/examples/smart-baby-room/bin/nucleo-f334/periph.a(uart.o)
                0x08001210                isr_usart2
 .text.tsrb_get
                0x08001254       0x2c /home/user/RIOT/examples/smart-baby-room/bin/nucleo-f334/tsrb.a(tsrb.o)
                0x08001254                tsrb_get
 .text.tsrb_add_one
                0x08001280       0x2a /home/user/RIOT/examples/smart-baby-room/bin/nucleo-f334/tsrb.a(tsrb.o)
                0x08001280                tsrb_add_one
 *fill*         0x080012aa        0x2 
 .text.startup.main
                0x080012ac      0x25c /home/user/RIOT/examples/smart-baby-room/bin/nucleo-f334/smart-baby-room.a(main.o)
                0x080012ac                main
 .text.auto_init
                0x08001508        0xe /home/user/RIOT/examples/smart-baby-room/bin/nucleo-f334/auto_init.a(auto_init.o)
                0x08001508                auto_init
 *fill*         0x08001516        0x2 
 .text.cortexm_init
                0x08001518       0x48 /home/user/RIOT/examples/smart-baby-room/bin/nucleo-f334/cortexm_common.a(cortexm_init.o)
                0x08001518                cortexm_init
 .text.read     0x08001560       0x48 /home/user/RIOT/examples/smart-baby-room/bin/nucleo-f334/dht.a(dht.o)
 .text.dht_init
                0x080015a8       0x2c /home/user/RIOT/examples/smart-baby-room/bin/nucleo-f334/dht.a(dht.o)
                0x080015a8                dht_init
 .text.dht_auto_init
                0x080015d4       0x28 /home/user/RIOT/examples/smart-baby-room/bin/nucleo-f334/dht.a(dht.o)
                0x080015d4                dht_auto_init
 .text.dht_read
                0x080015fc       0xd0 /home/user/RIOT/examples/smart-baby-room/bin/nucleo-f334/dht.a(dht.o)
                0x080015fc                dht_read
 .text._callback_unlock_mutex
                0x080016cc        0x4 /home/user/RIOT/examples/smart-baby-room/bin/nucleo-f334/xtimer.a(xtimer.o)
 .text.xtimer_spin
                0x080016d0       0x1a /home/user/RIOT/examples/smart-baby-room/bin/nucleo-f334/xtimer.a(xtimer.o)
 *fill*         0x080016ea        0x2 
 .text._xtimer_sleep
                0x080016ec       0x54 /home/user/RIOT/examples/smart-baby-room/bin/nucleo-f334/xtimer.a(xtimer.o)
                0x080016ec                _xtimer_sleep
 .text.__libc_init_array
                0x08001740       0x4c /usr/bin/../lib/gcc/arm-none-eabi/4.9.3/../../../../arm-none-eabi/lib/armv7e-m/libc_nano.a(lib_a-init.o)
                0x08001740                __libc_init_array
 .text.memcpy   0x0800178c       0x16 /usr/bin/../lib/gcc/arm-none-eabi/4.9.3/../../../../arm-none-eabi/lib/armv7e-m/libc_nano.a(lib_a-memcpy.o)
                0x0800178c                memcpy
 *fill*         0x080017a2        0x2 
 .text.printf   0x080017a4       0x30 /usr/bin/../lib/gcc/arm-none-eabi/4.9.3/../../../../arm-none-eabi/lib/armv7e-m/libc_nano.a(lib_a-printf.o)
                0x080017a4                printf
                0x080017a4                iprintf
 .text._puts_r  0x080017d4       0xbc /usr/bin/../lib/gcc/arm-none-eabi/4.9.3/../../../../arm-none-eabi/lib/armv7e-m/libc_nano.a(lib_a-puts.o)
                0x080017d4                _puts_r
 .text.puts     0x08001890       0x10 /usr/bin/../lib/gcc/arm-none-eabi/4.9.3/../../../../arm-none-eabi/lib/armv7e-m/libc_nano.a(lib_a-puts.o)
                0x08001890                puts
 .text.__swbuf_r
                0x080018a0       0xa8 /usr/bin/../lib/gcc/arm-none-eabi/4.9.3/../../../../arm-none-eabi/lib/armv7e-m/libc_nano.a(lib_a-wbuf.o)
                0x080018a0                __swbuf_r
 .text.__swsetup_r
                0x08001948       0xd8 /usr/bin/../lib/gcc/arm-none-eabi/4.9.3/../../../../arm-none-eabi/lib/armv7e-m/libc_nano.a(lib_a-wsetup.o)
                0x08001948                __swsetup_r
 .text.__sflush_r
                0x08001a20      0x108 /usr/bin/../lib/gcc/arm-none-eabi/4.9.3/../../../../arm-none-eabi/lib/armv7e-m/libc_nano.a(lib_a-fflush.o)
                0x08001a20                __sflush_r
 .text._fflush_r
                0x08001b28       0x54 /usr/bin/../lib/gcc/arm-none-eabi/4.9.3/../../../../arm-none-eabi/lib/armv7e-m/libc_nano.a(lib_a-fflush.o)
                0x08001b28                _fflush_r
 .text._cleanup_r
                0x08001b7c        0xc /usr/bin/../lib/gcc/arm-none-eabi/4.9.3/../../../../arm-none-eabi/lib/armv7e-m/libc_nano.a(lib_a-findfp.o)
                0x08001b7c                _cleanup_r
 .text.std.isra.0
                0x08001b88       0x48 /usr/bin/../lib/gcc/arm-none-eabi/4.9.3/../../../../arm-none-eabi/lib/armv7e-m/libc_nano.a(lib_a-findfp.o)
 .text.__sfmoreglue
                0x08001bd0       0x2c /usr/bin/../lib/gcc/arm-none-eabi/4.9.3/../../../../arm-none-eabi/lib/armv7e-m/libc_nano.a(lib_a-findfp.o)
                0x08001bd0                __sfmoreglue
 .text.__sinit  0x08001bfc       0x60 /usr/bin/../lib/gcc/arm-none-eabi/4.9.3/../../../../arm-none-eabi/lib/armv7e-m/libc_nano.a(lib_a-findfp.o)
                0x08001bfc                __sinit
 .text.__sfp    0x08001c5c       0x74 /usr/bin/../lib/gcc/arm-none-eabi/4.9.3/../../../../arm-none-eabi/lib/armv7e-m/libc_nano.a(lib_a-findfp.o)
                0x08001c5c                __sfp
 .text._fwalk_reent
                0x08001cd0       0x3c /usr/bin/../lib/gcc/arm-none-eabi/4.9.3/../../../../arm-none-eabi/lib/armv7e-m/libc_nano.a(lib_a-fwalk.o)
                0x08001cd0                _fwalk_reent
 .text.__smakebuf_r
                0x08001d0c       0x9c /usr/bin/../lib/gcc/arm-none-eabi/4.9.3/../../../../arm-none-eabi/lib/armv7e-m/libc_nano.a(lib_a-makebuf.o)
                0x08001d0c                __smakebuf_r
 .text.memset   0x08001da8       0x10 /usr/bin/../lib/gcc/arm-none-eabi/4.9.3/../../../../arm-none-eabi/lib/armv7e-m/libc_nano.a(lib_a-memset.o)
                0x08001da8                memset
 .text._free_r  0x08001db8       0x88 /usr/bin/../lib/gcc/arm-none-eabi/4.9.3/../../../../arm-none-eabi/lib/armv7e-m/libc_nano.a(lib_a-nano-freer.o)
                0x08001db8                _free_r
 .text._malloc_r
                0x08001e40       0xac /usr/bin/../lib/gcc/arm-none-eabi/4.9.3/../../../../arm-none-eabi/lib/armv7e-m/libc_nano.a(lib_a-nano-mallocr.o)
                0x08001e40                _malloc_r
 .text.__sfputc_r
                0x08001eec       0x2c /usr/bin/../lib/gcc/arm-none-eabi/4.9.3/../../../../arm-none-eabi/lib/armv7e-m/libc_nano.a(lib_a-nano-vfprintf.o)
 .text.__sfputs_r
                0x08001f18       0x24 /usr/bin/../lib/gcc/arm-none-eabi/4.9.3/../../../../arm-none-eabi/lib/armv7e-m/libc_nano.a(lib_a-nano-vfprintf.o)
                0x08001f18                __sfputs_r
 .text._vfprintf_r
                0x08001f3c      0x210 /usr/bin/../lib/gcc/arm-none-eabi/4.9.3/../../../../arm-none-eabi/lib/armv7e-m/libc_nano.a(lib_a-nano-vfprintf.o)
                0x08001f3c                _vfiprintf_r
                0x08001f3c                _vfprintf_r
 .text._printf_common
                0x0800214c       0xea /usr/bin/../lib/gcc/arm-none-eabi/4.9.3/../../../../arm-none-eabi/lib/armv7e-m/libc_nano.a(lib_a-nano-vfprintf_i.o)
                0x0800214c                _printf_common
 *fill*         0x08002236        0x2 
 .text._printf_i
                0x08002238      0x240 /usr/bin/../lib/gcc/arm-none-eabi/4.9.3/../../../../arm-none-eabi/lib/armv7e-m/libc_nano.a(lib_a-nano-vfprintf_i.o)
                0x08002238                _printf_i
 .text.__sread  0x08002478       0x22 /usr/bin/../lib/gcc/arm-none-eabi/4.9.3/../../../../arm-none-eabi/lib/armv7e-m/libc_nano.a(lib_a-stdio.o)
                0x08002478                __sread
 .text.__swrite
                0x0800249a       0x38 /usr/bin/../lib/gcc/arm-none-eabi/4.9.3/../../../../arm-none-eabi/lib/armv7e-m/libc_nano.a(lib_a-stdio.o)
                0x0800249a                __swrite
 .text.__sseek  0x080024d2       0x24 /usr/bin/../lib/gcc/arm-none-eabi/4.9.3/../../../../arm-none-eabi/lib/armv7e-m/libc_nano.a(lib_a-stdio.o)
                0x080024d2                __sseek
 .text.__sclose
                0x080024f6        0x8 /usr/bin/../lib/gcc/arm-none-eabi/4.9.3/../../../../arm-none-eabi/lib/armv7e-m/libc_nano.a(lib_a-stdio.o)
                0x080024f6                __sclose
 .text.memchr   0x080024fe       0x1e /usr/bin/../lib/gcc/arm-none-eabi/4.9.3/../../../../arm-none-eabi/lib/armv7e-m/libc_nano.a(lib_a-memchr.o)
                0x080024fe                memchr
 *(.glue_7t)
 .glue_7t       0x00000000        0x0 linker stubs
 *(.glue_7)
 .glue_7        0x00000000        0x0 linker stubs
 *(.rodata .rodata* .gnu.linkonce.r.*)
 .rodata.assert_crash_message
                0x0800251c       0x12 /home/user/RIOT/examples/smart-baby-room/bin/nucleo-f334/core.a(panic.o)
                0x0800251c                assert_crash_message
 .rodata.str1.1
                0x0800252e       0x2e /home/user/RIOT/examples/smart-baby-room/bin/nucleo-f334/core.a(panic.o)
 .rodata.str1.1
                0x0800255c        0xf /home/user/RIOT/examples/smart-baby-room/bin/nucleo-f334/cortexm_common.a(panic.o)
 .rodata.str1.1
                0x0800256b      0x259 /home/user/RIOT/examples/smart-baby-room/bin/nucleo-f334/cortexm_common.a(vectors_cortexm.o)
 .rodata.str1.1
                0x080027c4       0x55 /home/user/RIOT/examples/smart-baby-room/bin/nucleo-f334/core.a(kernel_init.o)
 .rodata.str1.1
                0x08002819       0xda /home/user/RIOT/examples/smart-baby-room/bin/nucleo-f334/smart-baby-room.a(main.o)
 .rodata.str1.1
                0x080028f3       0x25 /home/user/RIOT/examples/smart-baby-room/bin/nucleo-f334/dht.a(dht.o)
 .rodata.dht_params
                0x08002918        0x8 /home/user/RIOT/examples/smart-baby-room/bin/nucleo-f334/dht.a(dht.o)
 .rodata.str1.1
                0x08002920        0x2 /usr/bin/../lib/gcc/arm-none-eabi/4.9.3/../../../../arm-none-eabi/lib/armv7e-m/libc_nano.a(lib_a-impure.o)
 *fill*         0x08002922        0x2 
 .rodata._global_impure_ptr
                0x08002924        0x4 /usr/bin/../lib/gcc/arm-none-eabi/4.9.3/../../../../arm-none-eabi/lib/armv7e-m/libc_nano.a(lib_a-impure.o)
                0x08002924                _global_impure_ptr
 .rodata.__sf_fake_stdin
                0x08002928       0x20 /usr/bin/../lib/gcc/arm-none-eabi/4.9.3/../../../../arm-none-eabi/lib/armv7e-m/libc_nano.a(lib_a-findfp.o)
                0x08002928                __sf_fake_stdin
 .rodata.__sf_fake_stdout
                0x08002948       0x20 /usr/bin/../lib/gcc/arm-none-eabi/4.9.3/../../../../arm-none-eabi/lib/armv7e-m/libc_nano.a(lib_a-findfp.o)
                0x08002948                __sf_fake_stdout
 .rodata.__sf_fake_stderr
                0x08002968       0x20 /usr/bin/../lib/gcc/arm-none-eabi/4.9.3/../../../../arm-none-eabi/lib/armv7e-m/libc_nano.a(lib_a-findfp.o)
                0x08002968                __sf_fake_stderr
 .rodata.str1.1
                0x08002988       0x11 /usr/bin/../lib/gcc/arm-none-eabi/4.9.3/../../../../arm-none-eabi/lib/armv7e-m/libc_nano.a(lib_a-nano-vfprintf.o)
 .rodata.str1.1
                0x08002999       0x22 /usr/bin/../lib/gcc/arm-none-eabi/4.9.3/../../../../arm-none-eabi/lib/armv7e-m/libc_nano.a(lib_a-nano-vfprintf_i.o)
 *(.ARM.extab* .gnu.linkonce.armextab.*)
                0x080029bc                . = ALIGN (0x4)
 *fill*         0x080029bb        0x1 
 *(.init)
                0x080029bc                . = ALIGN (0x4)
                0x080029bc                __preinit_array_start = .
 *(.preinit_array)
                0x080029bc                __preinit_array_end = .
                0x080029bc                . = ALIGN (0x4)
                0x080029bc                __init_array_start = .
 *(SORT(.init_array.*))
 *(.init_array)
                0x080029bc                __init_array_end = .
                0x080029bc                . = ALIGN (0x4)
 *crtbegin.o(.ctors)
 *(EXCLUDE_FILE(*crtend.o) .ctors)
 *(SORT(.ctors.*))
 *crtend.o(.ctors)
                0x080029bc                . = ALIGN (0x4)
 *(.fini)
                0x080029bc                . = ALIGN (0x4)
                0x080029bc                __fini_array_start = .
 *(.fini_array)
 *(SORT(.fini_array.*))
                0x080029bc                __fini_array_end = .
 *crtbegin.o(.dtors)
 *(EXCLUDE_FILE(*crtend.o) .dtors)
 *(SORT(.dtors.*))
 *crtend.o(.dtors)
                0x080029bc                . = ALIGN (0x4)
                0x080029bc                _efixed = .
                0x080029bc                PROVIDE (__exidx_start, .)

.vfp11_veneer   0x080029bc        0x0
 .vfp11_veneer  0x00000000        0x0 linker stubs

.v4_bx          0x080029bc        0x0
 .v4_bx         0x00000000        0x0 linker stubs

.iplt           0x080029bc        0x0
 .iplt          0x00000000        0x0 /home/user/RIOT/examples/smart-baby-room/bin/nucleo-f334/newlib_syscalls_default/syscalls.o

.igot.plt       0x080029bc        0x0
 .igot.plt      0x00000000        0x0 /home/user/RIOT/examples/smart-baby-room/bin/nucleo-f334/newlib_syscalls_default/syscalls.o

.rel.dyn        0x080029bc        0x0
 .rel.iplt      0x00000000        0x0 /home/user/RIOT/examples/smart-baby-room/bin/nucleo-f334/newlib_syscalls_default/syscalls.o

.ARM.exidx
 *(.ARM.exidx* .gnu.linkonce.armexidx.*)
                0x080029bc                PROVIDE (__exidx_end, .)
                0x080029bc                . = ALIGN (0x4)

.eh_frame
 *(.eh_frame)
                0x080029bc                . = ALIGN (0x4)
                0x080029bc                _etext = .

.relocate       0x20000000       0x80 load address 0x080029bc
                0x20000000                . = ALIGN (0x4)
                0x20000000                _srelocate = .
 *(.ramfunc .ramfunc.*)
 *(.data .data.*)
 .data.heap_top
                0x20000000        0x4 /home/user/RIOT/examples/smart-baby-room/bin/nucleo-f334/newlib_syscalls_default/syscalls.o
                0x20000000                heap_top
 .data._rx_buf  0x20000004       0x10 /home/user/RIOT/examples/smart-baby-room/bin/nucleo-f334/uart_stdio.a(uart_stdio.o)
 .data.idle_name
                0x20000014        0x4 /home/user/RIOT/examples/smart-baby-room/bin/nucleo-f334/core.a(kernel_init.o)
                0x20000014                idle_name
 .data.main_name
                0x20000018        0x4 /home/user/RIOT/examples/smart-baby-room/bin/nucleo-f334/core.a(kernel_init.o)
                0x20000018                main_name
 .data.impure_data
                0x2000001c       0x60 /usr/bin/../lib/gcc/arm-none-eabi/4.9.3/../../../../arm-none-eabi/lib/armv7e-m/libc_nano.a(lib_a-impure.o)
 .data._impure_ptr
                0x2000007c        0x4 /usr/bin/../lib/gcc/arm-none-eabi/4.9.3/../../../../arm-none-eabi/lib/armv7e-m/libc_nano.a(lib_a-impure.o)
                0x2000007c                _impure_ptr
                0x20000080                . = ALIGN (0x4)
                0x20000080                _erelocate = .

.bss            0x20000080      0x8dc load address 0x08002a3c
                0x20000080                . = ALIGN (0x4)
                0x20000080                _sbss = .
                0x20000080                _szero = .
 *(.bss .bss.*)
 .bss.crashed   0x20000080        0x4 /home/user/RIOT/examples/smart-baby-room/bin/nucleo-f334/core.a(panic.o)
 .bss.sched_context_switch_request
                0x20000084        0x4 /home/user/RIOT/examples/smart-baby-room/bin/nucleo-f334/core.a(sched.o)
                0x20000084                sched_context_switch_request
 .bss.sched_threads
                0x20000088       0x84 /home/user/RIOT/examples/smart-baby-room/bin/nucleo-f334/core.a(sched.o)
                0x20000088                sched_threads
 .bss.sched_active_pid
                0x2000010c        0x2 /home/user/RIOT/examples/smart-baby-room/bin/nucleo-f334/core.a(sched.o)
                0x2000010c                sched_active_pid
 *fill*         0x2000010e        0x2 
 .bss.sched_active_thread
                0x20000110        0x4 /home/user/RIOT/examples/smart-baby-room/bin/nucleo-f334/core.a(sched.o)
                0x20000110                sched_active_thread
 .bss.sched_runqueues
                0x20000114       0x40 /home/user/RIOT/examples/smart-baby-room/bin/nucleo-f334/core.a(sched.o)
                0x20000114                sched_runqueues
 .bss.sched_num_threads
                0x20000154        0x4 /home/user/RIOT/examples/smart-baby-room/bin/nucleo-f334/core.a(sched.o)
                0x20000154                sched_num_threads
 .bss.runqueue_bitcache
                0x20000158        0x4 /home/user/RIOT/examples/smart-baby-room/bin/nucleo-f334/core.a(sched.o)
 .bss._rx_buf_mem
                0x2000015c       0x40 /home/user/RIOT/examples/smart-baby-room/bin/nucleo-f334/uart_stdio.a(uart_stdio.o)
 .bss._rx_mutex
                0x2000019c        0x4 /home/user/RIOT/examples/smart-baby-room/bin/nucleo-f334/uart_stdio.a(uart_stdio.o)
 .bss.overflow_list_head
                0x200001a0        0x4 /home/user/RIOT/examples/smart-baby-room/bin/nucleo-f334/xtimer.a(xtimer_core.o)
 .bss._in_handler
                0x200001a4        0x4 /home/user/RIOT/examples/smart-baby-room/bin/nucleo-f334/xtimer.a(xtimer_core.o)
 .bss._long_cnt
                0x200001a8        0x4 /home/user/RIOT/examples/smart-baby-room/bin/nucleo-f334/xtimer.a(xtimer_core.o)
 .bss.timer_list_head
                0x200001ac        0x4 /home/user/RIOT/examples/smart-baby-room/bin/nucleo-f334/xtimer.a(xtimer_core.o)
 .bss.long_list_head
                0x200001b0        0x4 /home/user/RIOT/examples/smart-baby-room/bin/nucleo-f334/xtimer.a(xtimer_core.o)
 .bss.idle_stack
                0x200001b4      0x100 /home/user/RIOT/examples/smart-baby-room/bin/nucleo-f334/core.a(kernel_init.o)
 .bss.main_stack
                0x200002b4      0x600 /home/user/RIOT/examples/smart-baby-room/bin/nucleo-f334/core.a(kernel_init.o)
 .bss.lpm_prevent_sleep
                0x200008b4        0x4 /home/user/RIOT/examples/smart-baby-room/bin/nucleo-f334/core.a(kernel_init.o)
                0x200008b4                lpm_prevent_sleep
 .bss.exti_chan
                0x200008b8       0x80 /home/user/RIOT/examples/smart-baby-room/bin/nucleo-f334/periph.a(gpio.o)
 .bss.config    0x20000938        0x8 /home/user/RIOT/examples/smart-baby-room/bin/nucleo-f334/periph.a(timer.o)
 .bss.uart_config
                0x20000940        0x8 /home/user/RIOT/examples/smart-baby-room/bin/nucleo-f334/periph.a(uart.o)
 .bss.state     0x20000948        0x1 /home/user/RIOT/examples/smart-baby-room/bin/nucleo-f334/smart-baby-room.a(main.o)
                0x20000948                state
 *fill*         0x20000949        0x3 
 .bss.dht_devs  0x2000094c        0x8 /home/user/RIOT/examples/smart-baby-room/bin/nucleo-f334/dht.a(dht.o)
                0x2000094c                dht_devs
 .bss.__malloc_sbrk_start
                0x20000954        0x4 /usr/bin/../lib/gcc/arm-none-eabi/4.9.3/../../../../arm-none-eabi/lib/armv7e-m/libc_nano.a(lib_a-nano-mallocr.o)
                0x20000954                __malloc_sbrk_start
 .bss.__malloc_free_list
                0x20000958        0x4 /usr/bin/../lib/gcc/arm-none-eabi/4.9.3/../../../../arm-none-eabi/lib/armv7e-m/libc_nano.a(lib_a-nano-mallocr.o)
                0x20000958                __malloc_free_list
 *(COMMON)
                0x2000095c                . = ALIGN (0x4)
                0x2000095c                _ebss = .
                0x2000095c                _ezero = .

.stack          0x2000095c      0x204 load address 0x08003318
                0x20000960                . = ALIGN (0x8)
 *fill*         0x2000095c        0x4 
                0x20000960                _sstack = .
 *(.isr_stack)
 .isr_stack     0x20000960      0x200 /home/user/RIOT/examples/smart-baby-room/bin/nucleo-f334/cortexm_common.a(vectors_cortexm.o)
                0x20000960                isr_stack
                0x20000b60                . = ALIGN (0x8)
                0x20000b60                _estack = .
                0x20000b60                . = ALIGN (0x4)
                0x20000b60                _sheap = .
                0x20003000                _eheap = (ORIGIN (ram) + 0x3000)
                0x20000000                _sram = ORIGIN (ram)
                0x20003000                _eram = (ORIGIN (ram) + 0x3000)
OUTPUT(/home/user/RIOT/examples/smart-baby-room/bin/nucleo-f334/smart-baby-room.elf elf32-littlearm)

.debug_info     0x00000000     0xa488
 .debug_info    0x00000000     0x1140 /home/user/RIOT/examples/smart-baby-room/bin/nucleo-f334/newlib_syscalls_default/syscalls.o
 .debug_info    0x00001140       0xe2 /home/user/RIOT/examples/smart-baby-room/bin/nucleo-f334/cpu/vectors.o
 .debug_info    0x00001222      0x27c /home/user/RIOT/examples/smart-baby-room/bin/nucleo-f334/core.a(panic.o)
 .debug_info    0x0000149e      0x582 /home/user/RIOT/examples/smart-baby-room/bin/nucleo-f334/core.a(sched.o)
 .debug_info    0x00001a20      0x116 /home/user/RIOT/examples/smart-baby-room/bin/nucleo-f334/core.a(bitarithm.o)
 .debug_info    0x00001b36      0x233 /home/user/RIOT/examples/smart-baby-room/bin/nucleo-f334/cortexm_common.a(irq_arch.o)
 .debug_info    0x00001d69      0x205 /home/user/RIOT/examples/smart-baby-room/bin/nucleo-f334/cortexm_common.a(panic.o)
 .debug_info    0x00001f6e      0x67f /home/user/RIOT/examples/smart-baby-room/bin/nucleo-f334/cortexm_common.a(thread_arch.o)
 .debug_info    0x000025ed      0x908 /home/user/RIOT/examples/smart-baby-room/bin/nucleo-f334/cortexm_common.a(vectors_cortexm.o)
 .debug_info    0x00002ef5       0xd9 /home/user/RIOT/examples/smart-baby-room/bin/nucleo-f334/cpu.a(lpm_arch.o)
 .debug_info    0x00002fce      0x49c /home/user/RIOT/examples/smart-baby-room/bin/nucleo-f334/uart_stdio.a(uart_stdio.o)
 .debug_info    0x0000346a      0xe21 /home/user/RIOT/examples/smart-baby-room/bin/nucleo-f334/xtimer.a(xtimer_core.o)
 .debug_info    0x0000428b      0x17f /home/user/RIOT/examples/smart-baby-room/bin/nucleo-f334/board.a(board.o)
 .debug_info    0x0000440a      0x3a5 /home/user/RIOT/examples/smart-baby-room/bin/nucleo-f334/core.a(kernel_init.o)
 .debug_info    0x000047af      0x603 /home/user/RIOT/examples/smart-baby-room/bin/nucleo-f334/core.a(mutex.o)
 .debug_info    0x00004db2      0x99e /home/user/RIOT/examples/smart-baby-room/bin/nucleo-f334/core.a(thread.o)
 .debug_info    0x00005750      0x243 /home/user/RIOT/examples/smart-baby-room/bin/nucleo-f334/cpu.a(cpu.o)
 .debug_info    0x00005993      0xe6a /home/user/RIOT/examples/smart-baby-room/bin/nucleo-f334/periph.a(gpio.o)
 .debug_info    0x000067fd      0xbfb /home/user/RIOT/examples/smart-baby-room/bin/nucleo-f334/periph.a(timer.o)
 .debug_info    0x000073f8      0x961 /home/user/RIOT/examples/smart-baby-room/bin/nucleo-f334/periph.a(uart.o)
 .debug_info    0x00007d59      0x326 /home/user/RIOT/examples/smart-baby-room/bin/nucleo-f334/tsrb.a(tsrb.o)
 .debug_info    0x0000807f      0x8cb /home/user/RIOT/examples/smart-baby-room/bin/nucleo-f334/smart-baby-room.a(main.o)
 .debug_info    0x0000894a      0x12f /home/user/RIOT/examples/smart-baby-room/bin/nucleo-f334/auto_init.a(auto_init.o)
 .debug_info    0x00008a79      0x5c8 /home/user/RIOT/examples/smart-baby-room/bin/nucleo-f334/cortexm_common.a(cortexm_init.o)
 .debug_info    0x00009041      0x6d5 /home/user/RIOT/examples/smart-baby-room/bin/nucleo-f334/dht.a(dht.o)
 .debug_info    0x00009716      0xd72 /home/user/RIOT/examples/smart-baby-room/bin/nucleo-f334/xtimer.a(xtimer.o)

.debug_abbrev   0x00000000     0x34eb
 .debug_abbrev  0x00000000      0x3c2 /home/user/RIOT/examples/smart-baby-room/bin/nucleo-f334/newlib_syscalls_default/syscalls.o
 .debug_abbrev  0x000003c2       0xb3 /home/user/RIOT/examples/smart-baby-room/bin/nucleo-f334/cpu/vectors.o
 .debug_abbrev  0x00000475      0x186 /home/user/RIOT/examples/smart-baby-room/bin/nucleo-f334/core.a(panic.o)
 .debug_abbrev  0x000005fb      0x281 /home/user/RIOT/examples/smart-baby-room/bin/nucleo-f334/core.a(sched.o)
 .debug_abbrev  0x0000087c       0x81 /home/user/RIOT/examples/smart-baby-room/bin/nucleo-f334/core.a(bitarithm.o)
 .debug_abbrev  0x000008fd      0x13e /home/user/RIOT/examples/smart-baby-room/bin/nucleo-f334/cortexm_common.a(irq_arch.o)
 .debug_abbrev  0x00000a3b      0x140 /home/user/RIOT/examples/smart-baby-room/bin/nucleo-f334/cortexm_common.a(panic.o)
 .debug_abbrev  0x00000b7b      0x26f /home/user/RIOT/examples/smart-baby-room/bin/nucleo-f334/cortexm_common.a(thread_arch.o)
 .debug_abbrev  0x00000dea      0x288 /home/user/RIOT/examples/smart-baby-room/bin/nucleo-f334/cortexm_common.a(vectors_cortexm.o)
 .debug_abbrev  0x00001072       0x8a /home/user/RIOT/examples/smart-baby-room/bin/nucleo-f334/cpu.a(lpm_arch.o)
 .debug_abbrev  0x000010fc      0x1df /home/user/RIOT/examples/smart-baby-room/bin/nucleo-f334/uart_stdio.a(uart_stdio.o)
 .debug_abbrev  0x000012db      0x43b /home/user/RIOT/examples/smart-baby-room/bin/nucleo-f334/xtimer.a(xtimer_core.o)
 .debug_abbrev  0x00001716       0xd2 /home/user/RIOT/examples/smart-baby-room/bin/nucleo-f334/board.a(board.o)
 .debug_abbrev  0x000017e8      0x1b6 /home/user/RIOT/examples/smart-baby-room/bin/nucleo-f334/core.a(kernel_init.o)
 .debug_abbrev  0x0000199e      0x267 /home/user/RIOT/examples/smart-baby-room/bin/nucleo-f334/core.a(mutex.o)
 .debug_abbrev  0x00001c05      0x2e4 /home/user/RIOT/examples/smart-baby-room/bin/nucleo-f334/core.a(thread.o)
 .debug_abbrev  0x00001ee9       0xde /home/user/RIOT/examples/smart-baby-room/bin/nucleo-f334/cpu.a(cpu.o)
 .debug_abbrev  0x00001fc7      0x2b8 /home/user/RIOT/examples/smart-baby-room/bin/nucleo-f334/periph.a(gpio.o)
 .debug_abbrev  0x0000227f      0x345 /home/user/RIOT/examples/smart-baby-room/bin/nucleo-f334/periph.a(timer.o)
 .debug_abbrev  0x000025c4      0x2f1 /home/user/RIOT/examples/smart-baby-room/bin/nucleo-f334/periph.a(uart.o)
 .debug_abbrev  0x000028b5      0x167 /home/user/RIOT/examples/smart-baby-room/bin/nucleo-f334/tsrb.a(tsrb.o)
 .debug_abbrev  0x00002a1c      0x265 /home/user/RIOT/examples/smart-baby-room/bin/nucleo-f334/smart-baby-room.a(main.o)
 .debug_abbrev  0x00002c81       0xbc /home/user/RIOT/examples/smart-baby-room/bin/nucleo-f334/auto_init.a(auto_init.o)
 .debug_abbrev  0x00002d3d      0x178 /home/user/RIOT/examples/smart-baby-room/bin/nucleo-f334/cortexm_common.a(cortexm_init.o)
 .debug_abbrev  0x00002eb5      0x2b2 /home/user/RIOT/examples/smart-baby-room/bin/nucleo-f334/dht.a(dht.o)
 .debug_abbrev  0x00003167      0x384 /home/user/RIOT/examples/smart-baby-room/bin/nucleo-f334/xtimer.a(xtimer.o)

.debug_loc      0x00000000     0x3616
 .debug_loc     0x00000000      0x432 /home/user/RIOT/examples/smart-baby-room/bin/nucleo-f334/newlib_syscalls_default/syscalls.o
 .debug_loc     0x00000432       0x3f /home/user/RIOT/examples/smart-baby-room/bin/nucleo-f334/core.a(panic.o)
 .debug_loc     0x00000471      0x1c1 /home/user/RIOT/examples/smart-baby-room/bin/nucleo-f334/core.a(sched.o)
 .debug_loc     0x00000632       0xc6 /home/user/RIOT/examples/smart-baby-room/bin/nucleo-f334/core.a(bitarithm.o)
 .debug_loc     0x000006f8       0x13 /home/user/RIOT/examples/smart-baby-room/bin/nucleo-f334/cortexm_common.a(irq_arch.o)
 .debug_loc     0x0000070b       0x33 /home/user/RIOT/examples/smart-baby-room/bin/nucleo-f334/cortexm_common.a(panic.o)
 .debug_loc     0x0000073e      0x1f9 /home/user/RIOT/examples/smart-baby-room/bin/nucleo-f334/cortexm_common.a(thread_arch.o)
 .debug_loc     0x00000937      0x27f /home/user/RIOT/examples/smart-baby-room/bin/nucleo-f334/cortexm_common.a(vectors_cortexm.o)
 .debug_loc     0x00000bb6       0x21 /home/user/RIOT/examples/smart-baby-room/bin/nucleo-f334/cpu.a(lpm_arch.o)
 .debug_loc     0x00000bd7      0x11a /home/user/RIOT/examples/smart-baby-room/bin/nucleo-f334/uart_stdio.a(uart_stdio.o)
 .debug_loc     0x00000cf1      0x89b /home/user/RIOT/examples/smart-baby-room/bin/nucleo-f334/xtimer.a(xtimer_core.o)
 .debug_loc     0x0000158c       0x42 /home/user/RIOT/examples/smart-baby-room/bin/nucleo-f334/core.a(kernel_init.o)
 .debug_loc     0x000015ce      0x247 /home/user/RIOT/examples/smart-baby-room/bin/nucleo-f334/core.a(mutex.o)
 .debug_loc     0x00001815      0x549 /home/user/RIOT/examples/smart-baby-room/bin/nucleo-f334/core.a(thread.o)
 .debug_loc     0x00001d5e      0x4b3 /home/user/RIOT/examples/smart-baby-room/bin/nucleo-f334/periph.a(gpio.o)
 .debug_loc     0x00002211      0x3ce /home/user/RIOT/examples/smart-baby-room/bin/nucleo-f334/periph.a(timer.o)
 .debug_loc     0x000025df      0x330 /home/user/RIOT/examples/smart-baby-room/bin/nucleo-f334/periph.a(uart.o)
 .debug_loc     0x0000290f      0x1d1 /home/user/RIOT/examples/smart-baby-room/bin/nucleo-f334/tsrb.a(tsrb.o)
 .debug_loc     0x00002ae0      0x1aa /home/user/RIOT/examples/smart-baby-room/bin/nucleo-f334/smart-baby-room.a(main.o)
 .debug_loc     0x00002c8a       0x43 /home/user/RIOT/examples/smart-baby-room/bin/nucleo-f334/cortexm_common.a(cortexm_init.o)
 .debug_loc     0x00002ccd      0x211 /home/user/RIOT/examples/smart-baby-room/bin/nucleo-f334/dht.a(dht.o)
 .debug_loc     0x00002ede      0x738 /home/user/RIOT/examples/smart-baby-room/bin/nucleo-f334/xtimer.a(xtimer.o)

.debug_aranges  0x00000000      0x6b8
 .debug_aranges
                0x00000000       0xa8 /home/user/RIOT/examples/smart-baby-room/bin/nucleo-f334/newlib_syscalls_default/syscalls.o
 .debug_aranges
                0x000000a8       0x20 /home/user/RIOT/examples/smart-baby-room/bin/nucleo-f334/cpu/vectors.o
 .debug_aranges
                0x000000c8       0x20 /home/user/RIOT/examples/smart-baby-room/bin/nucleo-f334/core.a(panic.o)
 .debug_aranges
                0x000000e8       0x38 /home/user/RIOT/examples/smart-baby-room/bin/nucleo-f334/core.a(sched.o)
 .debug_aranges
                0x00000120       0x30 /home/user/RIOT/examples/smart-baby-room/bin/nucleo-f334/core.a(bitarithm.o)
 .debug_aranges
                0x00000150       0x38 /home/user/RIOT/examples/smart-baby-room/bin/nucleo-f334/cortexm_common.a(irq_arch.o)
 .debug_aranges
                0x00000188       0x20 /home/user/RIOT/examples/smart-baby-room/bin/nucleo-f334/cortexm_common.a(panic.o)
 .debug_aranges
                0x000001a8       0x48 /home/user/RIOT/examples/smart-baby-room/bin/nucleo-f334/cortexm_common.a(thread_arch.o)
 .debug_aranges
                0x000001f0       0x70 /home/user/RIOT/examples/smart-baby-room/bin/nucleo-f334/cortexm_common.a(vectors_cortexm.o)
 .debug_aranges
                0x00000260       0x48 /home/user/RIOT/examples/smart-baby-room/bin/nucleo-f334/cpu.a(lpm_arch.o)
 .debug_aranges
                0x000002a8       0x38 /home/user/RIOT/examples/smart-baby-room/bin/nucleo-f334/uart_stdio.a(uart_stdio.o)
 .debug_aranges
                0x000002e0       0x78 /home/user/RIOT/examples/smart-baby-room/bin/nucleo-f334/xtimer.a(xtimer_core.o)
 .debug_aranges
                0x00000358       0x20 /home/user/RIOT/examples/smart-baby-room/bin/nucleo-f334/board.a(board.o)
 .debug_aranges
                0x00000378       0x30 /home/user/RIOT/examples/smart-baby-room/bin/nucleo-f334/core.a(kernel_init.o)
 .debug_aranges
                0x000003a8       0x30 /home/user/RIOT/examples/smart-baby-room/bin/nucleo-f334/core.a(mutex.o)
 .debug_aranges
                0x000003d8       0x60 /home/user/RIOT/examples/smart-baby-room/bin/nucleo-f334/core.a(thread.o)
 .debug_aranges
                0x00000438       0x20 /home/user/RIOT/examples/smart-baby-room/bin/nucleo-f334/cpu.a(cpu.o)
 .debug_aranges
                0x00000458       0x78 /home/user/RIOT/examples/smart-baby-room/bin/nucleo-f334/periph.a(gpio.o)
 .debug_aranges
                0x000004d0       0x68 /home/user/RIOT/examples/smart-baby-room/bin/nucleo-f334/periph.a(timer.o)
 .debug_aranges
                0x00000538       0x30 /home/user/RIOT/examples/smart-baby-room/bin/nucleo-f334/periph.a(uart.o)
 .debug_aranges
                0x00000568       0x38 /home/user/RIOT/examples/smart-baby-room/bin/nucleo-f334/tsrb.a(tsrb.o)
 .debug_aranges
                0x000005a0       0x20 /home/user/RIOT/examples/smart-baby-room/bin/nucleo-f334/smart-baby-room.a(main.o)
 .debug_aranges
                0x000005c0       0x20 /home/user/RIOT/examples/smart-baby-room/bin/nucleo-f334/auto_init.a(auto_init.o)
 .debug_aranges
                0x000005e0       0x20 /home/user/RIOT/examples/smart-baby-room/bin/nucleo-f334/cortexm_common.a(cortexm_init.o)
 .debug_aranges
                0x00000600       0x38 /home/user/RIOT/examples/smart-baby-room/bin/nucleo-f334/dht.a(dht.o)
 .debug_aranges
                0x00000638       0x80 /home/user/RIOT/examples/smart-baby-room/bin/nucleo-f334/xtimer.a(xtimer.o)

.debug_ranges   0x00000000      0x928
 .debug_ranges  0x00000000       0xc8 /home/user/RIOT/examples/smart-baby-room/bin/nucleo-f334/newlib_syscalls_default/syscalls.o
 .debug_ranges  0x000000c8       0x10 /home/user/RIOT/examples/smart-baby-room/bin/nucleo-f334/cpu/vectors.o
 .debug_ranges  0x000000d8       0x10 /home/user/RIOT/examples/smart-baby-room/bin/nucleo-f334/core.a(panic.o)
 .debug_ranges  0x000000e8       0x40 /home/user/RIOT/examples/smart-baby-room/bin/nucleo-f334/core.a(sched.o)
 .debug_ranges  0x00000128       0x20 /home/user/RIOT/examples/smart-baby-room/bin/nucleo-f334/core.a(bitarithm.o)
 .debug_ranges  0x00000148       0x28 /home/user/RIOT/examples/smart-baby-room/bin/nucleo-f334/cortexm_common.a(irq_arch.o)
 .debug_ranges  0x00000170       0x10 /home/user/RIOT/examples/smart-baby-room/bin/nucleo-f334/cortexm_common.a(panic.o)
 .debug_ranges  0x00000180       0x50 /home/user/RIOT/examples/smart-baby-room/bin/nucleo-f334/cortexm_common.a(thread_arch.o)
 .debug_ranges  0x000001d0       0x60 /home/user/RIOT/examples/smart-baby-room/bin/nucleo-f334/cortexm_common.a(vectors_cortexm.o)
 .debug_ranges  0x00000230       0x38 /home/user/RIOT/examples/smart-baby-room/bin/nucleo-f334/cpu.a(lpm_arch.o)
 .debug_ranges  0x00000268       0x28 /home/user/RIOT/examples/smart-baby-room/bin/nucleo-f334/uart_stdio.a(uart_stdio.o)
 .debug_ranges  0x00000290      0x1c0 /home/user/RIOT/examples/smart-baby-room/bin/nucleo-f334/xtimer.a(xtimer_core.o)
 .debug_ranges  0x00000450       0x10 /home/user/RIOT/examples/smart-baby-room/bin/nucleo-f334/board.a(board.o)
 .debug_ranges  0x00000460       0x20 /home/user/RIOT/examples/smart-baby-room/bin/nucleo-f334/core.a(kernel_init.o)
 .debug_ranges  0x00000480       0x38 /home/user/RIOT/examples/smart-baby-room/bin/nucleo-f334/core.a(mutex.o)
 .debug_ranges  0x000004b8       0x98 /home/user/RIOT/examples/smart-baby-room/bin/nucleo-f334/core.a(thread.o)
 .debug_ranges  0x00000550       0x10 /home/user/RIOT/examples/smart-baby-room/bin/nucleo-f334/cpu.a(cpu.o)
 .debug_ranges  0x00000560       0x80 /home/user/RIOT/examples/smart-baby-room/bin/nucleo-f334/periph.a(gpio.o)
 .debug_ranges  0x000005e0       0x70 /home/user/RIOT/examples/smart-baby-room/bin/nucleo-f334/periph.a(timer.o)
 .debug_ranges  0x00000650       0x50 /home/user/RIOT/examples/smart-baby-room/bin/nucleo-f334/periph.a(uart.o)
 .debug_ranges  0x000006a0       0x78 /home/user/RIOT/examples/smart-baby-room/bin/nucleo-f334/tsrb.a(tsrb.o)
 .debug_ranges  0x00000718       0x10 /home/user/RIOT/examples/smart-baby-room/bin/nucleo-f334/smart-baby-room.a(main.o)
 .debug_ranges  0x00000728       0x10 /home/user/RIOT/examples/smart-baby-room/bin/nucleo-f334/auto_init.a(auto_init.o)
 .debug_ranges  0x00000738       0x30 /home/user/RIOT/examples/smart-baby-room/bin/nucleo-f334/cortexm_common.a(cortexm_init.o)
 .debug_ranges  0x00000768       0x58 /home/user/RIOT/examples/smart-baby-room/bin/nucleo-f334/dht.a(dht.o)
 .debug_ranges  0x000007c0      0x168 /home/user/RIOT/examples/smart-baby-room/bin/nucleo-f334/xtimer.a(xtimer.o)

.debug_macro    0x00000000    0x1fcfb
 .debug_macro   0x00000000      0x442 /home/user/RIOT/examples/smart-baby-room/bin/nucleo-f334/newlib_syscalls_default/syscalls.o
 .debug_macro   0x00000442      0x940 /home/user/RIOT/examples/smart-baby-room/bin/nucleo-f334/newlib_syscalls_default/syscalls.o
 .debug_macro   0x00000d82       0x58 /home/user/RIOT/examples/smart-baby-room/bin/nucleo-f334/newlib_syscalls_default/syscalls.o
 .debug_macro   0x00000dda       0x22 /home/user/RIOT/examples/smart-baby-room/bin/nucleo-f334/newlib_syscalls_default/syscalls.o
 .debug_macro   0x00000dfc       0x35 /home/user/RIOT/examples/smart-baby-room/bin/nucleo-f334/newlib_syscalls_default/syscalls.o
 .debug_macro   0x00000e31       0x9c /home/user/RIOT/examples/smart-baby-room/bin/nucleo-f334/newlib_syscalls_default/syscalls.o
 .debug_macro   0x00000ecd       0x10 /home/user/RIOT/examples/smart-baby-room/bin/nucleo-f334/newlib_syscalls_default/syscalls.o
 .debug_macro   0x00000edd       0x4a /home/user/RIOT/examples/smart-baby-room/bin/nucleo-f334/newlib_syscalls_default/syscalls.o
 .debug_macro   0x00000f27       0xc8 /home/user/RIOT/examples/smart-baby-room/bin/nucleo-f334/newlib_syscalls_default/syscalls.o
 .debug_macro   0x00000fef      0x29d /home/user/RIOT/examples/smart-baby-room/bin/nucleo-f334/newlib_syscalls_default/syscalls.o
 .debug_macro   0x0000128c       0x52 /home/user/RIOT/examples/smart-baby-room/bin/nucleo-f334/newlib_syscalls_default/syscalls.o
 .debug_macro   0x000012de       0x16 /home/user/RIOT/examples/smart-baby-room/bin/nucleo-f334/newlib_syscalls_default/syscalls.o
 .debug_macro   0x000012f4       0x19 /home/user/RIOT/examples/smart-baby-room/bin/nucleo-f334/newlib_syscalls_default/syscalls.o
 .debug_macro   0x0000130d       0x22 /home/user/RIOT/examples/smart-baby-room/bin/nucleo-f334/newlib_syscalls_default/syscalls.o
 .debug_macro   0x0000132f       0xb7 /home/user/RIOT/examples/smart-baby-room/bin/nucleo-f334/newlib_syscalls_default/syscalls.o
 .debug_macro   0x000013e6       0x22 /home/user/RIOT/examples/smart-baby-room/bin/nucleo-f334/newlib_syscalls_default/syscalls.o
 .debug_macro   0x00001408       0xbe /home/user/RIOT/examples/smart-baby-room/bin/nucleo-f334/newlib_syscalls_default/syscalls.o
 .debug_macro   0x000014c6      0x48e /home/user/RIOT/examples/smart-baby-room/bin/nucleo-f334/newlib_syscalls_default/syscalls.o
 .debug_macro   0x00001954      0x180 /home/user/RIOT/examples/smart-baby-room/bin/nucleo-f334/newlib_syscalls_default/syscalls.o
 .debug_macro   0x00001ad4       0x10 /home/user/RIOT/examples/smart-baby-room/bin/nucleo-f334/newlib_syscalls_default/syscalls.o
 .debug_macro   0x00001ae4       0x35 /home/user/RIOT/examples/smart-baby-room/bin/nucleo-f334/newlib_syscalls_default/syscalls.o
 .debug_macro   0x00001b19       0x10 /home/user/RIOT/examples/smart-baby-room/bin/nucleo-f334/newlib_syscalls_default/syscalls.o
 .debug_macro   0x00001b29      0x241 /home/user/RIOT/examples/smart-baby-room/bin/nucleo-f334/newlib_syscalls_default/syscalls.o
 .debug_macro   0x00001d6a       0x16 /home/user/RIOT/examples/smart-baby-room/bin/nucleo-f334/newlib_syscalls_default/syscalls.o
 .debug_macro   0x00001d80       0x10 /home/user/RIOT/examples/smart-baby-room/bin/nucleo-f334/newlib_syscalls_default/syscalls.o
 .debug_macro   0x00001d90       0x16 /home/user/RIOT/examples/smart-baby-room/bin/nucleo-f334/newlib_syscalls_default/syscalls.o
 .debug_macro   0x00001da6      0x182 /home/user/RIOT/examples/smart-baby-room/bin/nucleo-f334/newlib_syscalls_default/syscalls.o
 .debug_macro   0x00001f28       0x16 /home/user/RIOT/examples/smart-baby-room/bin/nucleo-f334/newlib_syscalls_default/syscalls.o
 .debug_macro   0x00001f3e       0x16 /home/user/RIOT/examples/smart-baby-room/bin/nucleo-f334/newlib_syscalls_default/syscalls.o
 .debug_macro   0x00001f54       0x29 /home/user/RIOT/examples/smart-baby-room/bin/nucleo-f334/newlib_syscalls_default/syscalls.o
 .debug_macro   0x00001f7d       0x16 /home/user/RIOT/examples/smart-baby-room/bin/nucleo-f334/newlib_syscalls_default/syscalls.o
 .debug_macro   0x00001f93       0x16 /home/user/RIOT/examples/smart-baby-room/bin/nucleo-f334/newlib_syscalls_default/syscalls.o
 .debug_macro   0x00001fa9       0x10 /home/user/RIOT/examples/smart-baby-room/bin/nucleo-f334/newlib_syscalls_default/syscalls.o
 .debug_macro   0x00001fb9       0x10 /home/user/RIOT/examples/smart-baby-room/bin/nucleo-f334/newlib_syscalls_default/syscalls.o
 .debug_macro   0x00001fc9       0x10 /home/user/RIOT/examples/smart-baby-room/bin/nucleo-f334/newlib_syscalls_default/syscalls.o
 .debug_macro   0x00001fd9       0x35 /home/user/RIOT/examples/smart-baby-room/bin/nucleo-f334/newlib_syscalls_default/syscalls.o
 .debug_macro   0x0000200e      0x122 /home/user/RIOT/examples/smart-baby-room/bin/nucleo-f334/newlib_syscalls_default/syscalls.o
 .debug_macro   0x00002130       0x58 /home/user/RIOT/examples/smart-baby-room/bin/nucleo-f334/newlib_syscalls_default/syscalls.o
 .debug_macro   0x00002188      0x1df /home/user/RIOT/examples/smart-baby-room/bin/nucleo-f334/newlib_syscalls_default/syscalls.o
 .debug_macro   0x00002367       0x22 /home/user/RIOT/examples/smart-baby-room/bin/nucleo-f334/newlib_syscalls_default/syscalls.o
 .debug_macro   0x00002389       0x28 /home/user/RIOT/examples/smart-baby-room/bin/nucleo-f334/newlib_syscalls_default/syscalls.o
 .debug_macro   0x000023b1       0x3b /home/user/RIOT/examples/smart-baby-room/bin/nucleo-f334/newlib_syscalls_default/syscalls.o
 .debug_macro   0x000023ec       0x50 /home/user/RIOT/examples/smart-baby-room/bin/nucleo-f334/newlib_syscalls_default/syscalls.o
 .debug_macro   0x0000243c      0xd40 /home/user/RIOT/examples/smart-baby-room/bin/nucleo-f334/newlib_syscalls_default/syscalls.o
 .debug_macro   0x0000317c     0x90b1 /home/user/RIOT/examples/smart-baby-room/bin/nucleo-f334/newlib_syscalls_default/syscalls.o
 .debug_macro   0x0000c22d       0x16 /home/user/RIOT/examples/smart-baby-room/bin/nucleo-f334/newlib_syscalls_default/syscalls.o
 .debug_macro   0x0000c243       0x22 /home/user/RIOT/examples/smart-baby-room/bin/nucleo-f334/newlib_syscalls_default/syscalls.o
 .debug_macro   0x0000c265       0x22 /home/user/RIOT/examples/smart-baby-room/bin/nucleo-f334/newlib_syscalls_default/syscalls.o
 .debug_macro   0x0000c287       0x10 /home/user/RIOT/examples/smart-baby-room/bin/nucleo-f334/newlib_syscalls_default/syscalls.o
 .debug_macro   0x0000c297      0x142 /home/user/RIOT/examples/smart-baby-room/bin/nucleo-f334/newlib_syscalls_default/syscalls.o
 .debug_macro   0x0000c3d9       0x34 /home/user/RIOT/examples/smart-baby-room/bin/nucleo-f334/newlib_syscalls_default/syscalls.o
 .debug_macro   0x0000c40d       0x10 /home/user/RIOT/examples/smart-baby-room/bin/nucleo-f334/newlib_syscalls_default/syscalls.o
 .debug_macro   0x0000c41d       0x28 /home/user/RIOT/examples/smart-baby-room/bin/nucleo-f334/newlib_syscalls_default/syscalls.o
 .debug_macro   0x0000c445       0xdc /home/user/RIOT/examples/smart-baby-room/bin/nucleo-f334/newlib_syscalls_default/syscalls.o
 .debug_macro   0x0000c521       0x10 /home/user/RIOT/examples/smart-baby-room/bin/nucleo-f334/newlib_syscalls_default/syscalls.o
 .debug_macro   0x0000c531      0x3fa /home/user/RIOT/examples/smart-baby-room/bin/nucleo-f334/newlib_syscalls_default/syscalls.o
 .debug_macro   0x0000c92b       0x16 /home/user/RIOT/examples/smart-baby-room/bin/nucleo-f334/newlib_syscalls_default/syscalls.o
 .debug_macro   0x0000c941      0x11e /home/user/RIOT/examples/smart-baby-room/bin/nucleo-f334/newlib_syscalls_default/syscalls.o
 .debug_macro   0x0000ca5f       0x19 /home/user/RIOT/examples/smart-baby-room/bin/nucleo-f334/newlib_syscalls_default/syscalls.o
 .debug_macro   0x0000ca78       0x28 /home/user/RIOT/examples/smart-baby-room/bin/nucleo-f334/newlib_syscalls_default/syscalls.o
 .debug_macro   0x0000caa0       0x12 /home/user/RIOT/examples/smart-baby-room/bin/nucleo-f334/newlib_syscalls_default/syscalls.o
 .debug_macro   0x0000cab2       0x1c /home/user/RIOT/examples/smart-baby-room/bin/nucleo-f334/newlib_syscalls_default/syscalls.o
 .debug_macro   0x0000cace       0x8b /home/user/RIOT/examples/smart-baby-room/bin/nucleo-f334/newlib_syscalls_default/syscalls.o
 .debug_macro   0x0000cb59       0x34 /home/user/RIOT/examples/smart-baby-room/bin/nucleo-f334/newlib_syscalls_default/syscalls.o
 .debug_macro   0x0000cb8d       0x1c /home/user/RIOT/examples/smart-baby-room/bin/nucleo-f334/newlib_syscalls_default/syscalls.o
 .debug_macro   0x0000cba9       0x2e /home/user/RIOT/examples/smart-baby-room/bin/nucleo-f334/newlib_syscalls_default/syscalls.o
 .debug_macro   0x0000cbd7       0x82 /home/user/RIOT/examples/smart-baby-room/bin/nucleo-f334/newlib_syscalls_default/syscalls.o
 .debug_macro   0x0000cc59       0x34 /home/user/RIOT/examples/smart-baby-room/bin/nucleo-f334/newlib_syscalls_default/syscalls.o
 .debug_macro   0x0000cc8d       0x10 /home/user/RIOT/examples/smart-baby-room/bin/nucleo-f334/newlib_syscalls_default/syscalls.o
 .debug_macro   0x0000cc9d       0x10 /home/user/RIOT/examples/smart-baby-room/bin/nucleo-f334/newlib_syscalls_default/syscalls.o
 .debug_macro   0x0000ccad       0x28 /home/user/RIOT/examples/smart-baby-room/bin/nucleo-f334/newlib_syscalls_default/syscalls.o
 .debug_macro   0x0000ccd5       0x51 /home/user/RIOT/examples/smart-baby-room/bin/nucleo-f334/newlib_syscalls_default/syscalls.o
 .debug_macro   0x0000cd26       0x53 /home/user/RIOT/examples/smart-baby-room/bin/nucleo-f334/cpu/vectors.o
 .debug_macro   0x0000cd79      0x940 /home/user/RIOT/examples/smart-baby-room/bin/nucleo-f334/cpu/vectors.o
 .debug_macro   0x0000d6b9       0x44 /home/user/RIOT/examples/smart-baby-room/bin/nucleo-f334/cpu/vectors.o
 .debug_macro   0x0000d6fd       0x16 /home/user/RIOT/examples/smart-baby-room/bin/nucleo-f334/cpu/vectors.o
 .debug_macro   0x0000d713      0x231 /home/user/RIOT/examples/smart-baby-room/bin/nucleo-f334/core.a(panic.o)
 .debug_macro   0x0000d944      0x940 /home/user/RIOT/examples/smart-baby-room/bin/nucleo-f334/core.a(panic.o)
 .debug_macro   0x0000e284      0x166 /home/user/RIOT/examples/smart-baby-room/bin/nucleo-f334/core.a(panic.o)
 .debug_macro   0x0000e3ea       0x43 /home/user/RIOT/examples/smart-baby-room/bin/nucleo-f334/core.a(panic.o)
 .debug_macro   0x0000e42d       0x10 /home/user/RIOT/examples/smart-baby-room/bin/nucleo-f334/core.a(panic.o)
 .debug_macro   0x0000e43d       0x1c /home/user/RIOT/examples/smart-baby-room/bin/nucleo-f334/core.a(panic.o)
 .debug_macro   0x0000e459       0x10 /home/user/RIOT/examples/smart-baby-room/bin/nucleo-f334/core.a(panic.o)
 .debug_macro   0x0000e469      0x197 /home/user/RIOT/examples/smart-baby-room/bin/nucleo-f334/core.a(panic.o)
 .debug_macro   0x0000e600       0x35 /home/user/RIOT/examples/smart-baby-room/bin/nucleo-f334/core.a(panic.o)
 .debug_macro   0x0000e635       0x2e /home/user/RIOT/examples/smart-baby-room/bin/nucleo-f334/core.a(panic.o)
 .debug_macro   0x0000e663      0x2c7 /home/user/RIOT/examples/smart-baby-room/bin/nucleo-f334/core.a(sched.o)
 .debug_macro   0x0000e92a      0x940 /home/user/RIOT/examples/smart-baby-room/bin/nucleo-f334/core.a(sched.o)
 .debug_macro   0x0000f26a       0xa2 /home/user/RIOT/examples/smart-baby-room/bin/nucleo-f334/core.a(sched.o)
 .debug_macro   0x0000f30c       0x2e /home/user/RIOT/examples/smart-baby-room/bin/nucleo-f334/core.a(sched.o)
 .debug_macro   0x0000f33a       0x16 /home/user/RIOT/examples/smart-baby-room/bin/nucleo-f334/core.a(sched.o)
 .debug_macro   0x0000f350      0x10d /home/user/RIOT/examples/smart-baby-room/bin/nucleo-f334/core.a(bitarithm.o)
 .debug_macro   0x0000f45d      0x940 /home/user/RIOT/examples/smart-baby-room/bin/nucleo-f334/core.a(bitarithm.o)
 .debug_macro   0x0000fd9d       0x97 /home/user/RIOT/examples/smart-baby-room/bin/nucleo-f334/core.a(bitarithm.o)
 .debug_macro   0x0000fe34       0xef /home/user/RIOT/examples/smart-baby-room/bin/nucleo-f334/core.a(bitarithm.o)
 .debug_macro   0x0000ff23      0x1b9 /home/user/RIOT/examples/smart-baby-room/bin/nucleo-f334/cortexm_common.a(irq_arch.o)
 .debug_macro   0x000100dc      0x940 /home/user/RIOT/examples/smart-baby-room/bin/nucleo-f334/cortexm_common.a(irq_arch.o)
 .debug_macro   0x00010a1c      0x1d1 /home/user/RIOT/examples/smart-baby-room/bin/nucleo-f334/cortexm_common.a(panic.o)
 .debug_macro   0x00010bed      0x940 /home/user/RIOT/examples/smart-baby-room/bin/nucleo-f334/cortexm_common.a(panic.o)
 .debug_macro   0x0001152d      0x2b2 /home/user/RIOT/examples/smart-baby-room/bin/nucleo-f334/cortexm_common.a(thread_arch.o)
 .debug_macro   0x000117df      0x940 /home/user/RIOT/examples/smart-baby-room/bin/nucleo-f334/cortexm_common.a(thread_arch.o)
 .debug_macro   0x0001211f       0x16 /home/user/RIOT/examples/smart-baby-room/bin/nucleo-f334/cortexm_common.a(thread_arch.o)
 .debug_macro   0x00012135      0x230 /home/user/RIOT/examples/smart-baby-room/bin/nucleo-f334/cortexm_common.a(vectors_cortexm.o)
 .debug_macro   0x00012365      0x940 /home/user/RIOT/examples/smart-baby-room/bin/nucleo-f334/cortexm_common.a(vectors_cortexm.o)
 .debug_macro   0x00012ca5       0x1a /home/user/RIOT/examples/smart-baby-room/bin/nucleo-f334/cpu.a(lpm_arch.o)
 .debug_macro   0x00012cbf      0x940 /home/user/RIOT/examples/smart-baby-room/bin/nucleo-f334/cpu.a(lpm_arch.o)
 .debug_macro   0x000135ff      0x35b /home/user/RIOT/examples/smart-baby-room/bin/nucleo-f334/uart_stdio.a(uart_stdio.o)
 .debug_macro   0x0001395a      0x940 /home/user/RIOT/examples/smart-baby-room/bin/nucleo-f334/uart_stdio.a(uart_stdio.o)
 .debug_macro   0x0001429a       0x16 /home/user/RIOT/examples/smart-baby-room/bin/nucleo-f334/uart_stdio.a(uart_stdio.o)
 .debug_macro   0x000142b0       0x17 /home/user/RIOT/examples/smart-baby-room/bin/nucleo-f334/uart_stdio.a(uart_stdio.o)
 .debug_macro   0x000142c7       0x10 /home/user/RIOT/examples/smart-baby-room/bin/nucleo-f334/uart_stdio.a(uart_stdio.o)
 .debug_macro   0x000142d7      0x348 /home/user/RIOT/examples/smart-baby-room/bin/nucleo-f334/xtimer.a(xtimer_core.o)
 .debug_macro   0x0001461f      0x940 /home/user/RIOT/examples/smart-baby-room/bin/nucleo-f334/xtimer.a(xtimer_core.o)
 .debug_macro   0x00014f5f      0x220 /home/user/RIOT/examples/smart-baby-room/bin/nucleo-f334/board.a(board.o)
 .debug_macro   0x0001517f      0x940 /home/user/RIOT/examples/smart-baby-room/bin/nucleo-f334/board.a(board.o)
 .debug_macro   0x00015abf      0x2f6 /home/user/RIOT/examples/smart-baby-room/bin/nucleo-f334/core.a(kernel_init.o)
 .debug_macro   0x00015db5      0x940 /home/user/RIOT/examples/smart-baby-room/bin/nucleo-f334/core.a(kernel_init.o)
 .debug_macro   0x000166f5      0x23b /home/user/RIOT/examples/smart-baby-room/bin/nucleo-f334/core.a(kernel_init.o)
 .debug_macro   0x00016930      0x2d9 /home/user/RIOT/examples/smart-baby-room/bin/nucleo-f334/core.a(mutex.o)
 .debug_macro   0x00016c09      0x940 /home/user/RIOT/examples/smart-baby-room/bin/nucleo-f334/core.a(mutex.o)
 .debug_macro   0x00017549      0x1e5 /home/user/RIOT/examples/smart-baby-room/bin/nucleo-f334/core.a(mutex.o)
 .debug_macro   0x0001772e      0x2ce /home/user/RIOT/examples/smart-baby-room/bin/nucleo-f334/core.a(thread.o)
 .debug_macro   0x000179fc      0x940 /home/user/RIOT/examples/smart-baby-room/bin/nucleo-f334/core.a(thread.o)
 .debug_macro   0x0001833c      0x1dc /home/user/RIOT/examples/smart-baby-room/bin/nucleo-f334/cpu.a(cpu.o)
 .debug_macro   0x00018518      0x940 /home/user/RIOT/examples/smart-baby-room/bin/nucleo-f334/cpu.a(cpu.o)
 .debug_macro   0x00018e58      0x2dd /home/user/RIOT/examples/smart-baby-room/bin/nucleo-f334/periph.a(gpio.o)
 .debug_macro   0x00019135      0x940 /home/user/RIOT/examples/smart-baby-room/bin/nucleo-f334/periph.a(gpio.o)
 .debug_macro   0x00019a75      0x328 /home/user/RIOT/examples/smart-baby-room/bin/nucleo-f334/periph.a(timer.o)
 .debug_macro   0x00019d9d      0x940 /home/user/RIOT/examples/smart-baby-room/bin/nucleo-f334/periph.a(timer.o)
 .debug_macro   0x0001a6dd      0x10e /home/user/RIOT/examples/smart-baby-room/bin/nucleo-f334/periph.a(timer.o)
 .debug_macro   0x0001a7eb       0x7f /home/user/RIOT/examples/smart-baby-room/bin/nucleo-f334/periph.a(timer.o)
 .debug_macro   0x0001a86a      0x2e0 /home/user/RIOT/examples/smart-baby-room/bin/nucleo-f334/periph.a(uart.o)
 .debug_macro   0x0001ab4a      0x940 /home/user/RIOT/examples/smart-baby-room/bin/nucleo-f334/periph.a(uart.o)
 .debug_macro   0x0001b48a       0x57 /home/user/RIOT/examples/smart-baby-room/bin/nucleo-f334/tsrb.a(tsrb.o)
 .debug_macro   0x0001b4e1      0x940 /home/user/RIOT/examples/smart-baby-room/bin/nucleo-f334/tsrb.a(tsrb.o)
 .debug_macro   0x0001be21      0x32f /home/user/RIOT/examples/smart-baby-room/bin/nucleo-f334/smart-baby-room.a(main.o)
 .debug_macro   0x0001c150      0x940 /home/user/RIOT/examples/smart-baby-room/bin/nucleo-f334/smart-baby-room.a(main.o)
 .debug_macro   0x0001ca90       0x2e /home/user/RIOT/examples/smart-baby-room/bin/nucleo-f334/smart-baby-room.a(main.o)
 .debug_macro   0x0001cabe       0x3a /home/user/RIOT/examples/smart-baby-room/bin/nucleo-f334/smart-baby-room.a(main.o)
 .debug_macro   0x0001caf8       0x94 /home/user/RIOT/examples/smart-baby-room/bin/nucleo-f334/smart-baby-room.a(main.o)
 .debug_macro   0x0001cb8c       0x10 /home/user/RIOT/examples/smart-baby-room/bin/nucleo-f334/smart-baby-room.a(main.o)
 .debug_macro   0x0001cb9c       0x22 /home/user/RIOT/examples/smart-baby-room/bin/nucleo-f334/smart-baby-room.a(main.o)
 .debug_macro   0x0001cbbe      0x33c /home/user/RIOT/examples/smart-baby-room/bin/nucleo-f334/auto_init.a(auto_init.o)
 .debug_macro   0x0001cefa      0x940 /home/user/RIOT/examples/smart-baby-room/bin/nucleo-f334/auto_init.a(auto_init.o)
 .debug_macro   0x0001d83a      0x1bb /home/user/RIOT/examples/smart-baby-room/bin/nucleo-f334/cortexm_common.a(cortexm_init.o)
 .debug_macro   0x0001d9f5      0x940 /home/user/RIOT/examples/smart-baby-room/bin/nucleo-f334/cortexm_common.a(cortexm_init.o)
 .debug_macro   0x0001e335      0x3ca /home/user/RIOT/examples/smart-baby-room/bin/nucleo-f334/dht.a(dht.o)
 .debug_macro   0x0001e6ff      0x940 /home/user/RIOT/examples/smart-baby-room/bin/nucleo-f334/dht.a(dht.o)
 .debug_macro   0x0001f03f      0x37c /home/user/RIOT/examples/smart-baby-room/bin/nucleo-f334/xtimer.a(xtimer.o)
 .debug_macro   0x0001f3bb      0x940 /home/user/RIOT/examples/smart-baby-room/bin/nucleo-f334/xtimer.a(xtimer.o)

.debug_line     0x00000000     0x79ee
 .debug_line    0x00000000      0x7b6 /home/user/RIOT/examples/smart-baby-room/bin/nucleo-f334/newlib_syscalls_default/syscalls.o
 .debug_line    0x000007b6      0x13b /home/user/RIOT/examples/smart-baby-room/bin/nucleo-f334/cpu/vectors.o
 .debug_line    0x000008f1      0x3a1 /home/user/RIOT/examples/smart-baby-room/bin/nucleo-f334/core.a(panic.o)
 .debug_line    0x00000c92      0x4b2 /home/user/RIOT/examples/smart-baby-room/bin/nucleo-f334/core.a(sched.o)
 .debug_line    0x00001144      0x1ed /home/user/RIOT/examples/smart-baby-room/bin/nucleo-f334/core.a(bitarithm.o)
 .debug_line    0x00001331      0x371 /home/user/RIOT/examples/smart-baby-room/bin/nucleo-f334/cortexm_common.a(irq_arch.o)
 .debug_line    0x000016a2      0x34e /home/user/RIOT/examples/smart-baby-room/bin/nucleo-f334/cortexm_common.a(panic.o)
 .debug_line    0x000019f0      0x4c6 /home/user/RIOT/examples/smart-baby-room/bin/nucleo-f334/cortexm_common.a(thread_arch.o)
 .debug_line    0x00001eb6      0x4f7 /home/user/RIOT/examples/smart-baby-room/bin/nucleo-f334/cortexm_common.a(vectors_cortexm.o)
 .debug_line    0x000023ad       0xd3 /home/user/RIOT/examples/smart-baby-room/bin/nucleo-f334/cpu.a(lpm_arch.o)
 .debug_line    0x00002480      0x5c6 /home/user/RIOT/examples/smart-baby-room/bin/nucleo-f334/uart_stdio.a(uart_stdio.o)
 .debug_line    0x00002a46      0x815 /home/user/RIOT/examples/smart-baby-room/bin/nucleo-f334/xtimer.a(xtimer_core.o)
 .debug_line    0x0000325b      0x474 /home/user/RIOT/examples/smart-baby-room/bin/nucleo-f334/board.a(board.o)
 .debug_line    0x000036cf      0x4ad /home/user/RIOT/examples/smart-baby-room/bin/nucleo-f334/core.a(kernel_init.o)
 .debug_line    0x00003b7c      0x491 /home/user/RIOT/examples/smart-baby-room/bin/nucleo-f334/core.a(mutex.o)
 .debug_line    0x0000400d      0x55c /home/user/RIOT/examples/smart-baby-room/bin/nucleo-f334/core.a(thread.o)
 .debug_line    0x00004569      0x365 /home/user/RIOT/examples/smart-baby-room/bin/nucleo-f334/cpu.a(cpu.o)
 .debug_line    0x000048ce      0x66f /home/user/RIOT/examples/smart-baby-room/bin/nucleo-f334/periph.a(gpio.o)
 .debug_line    0x00004f3d      0x650 /home/user/RIOT/examples/smart-baby-room/bin/nucleo-f334/periph.a(timer.o)
 .debug_line    0x0000558d      0x54c /home/user/RIOT/examples/smart-baby-room/bin/nucleo-f334/periph.a(uart.o)
 .debug_line    0x00005ad9      0x180 /home/user/RIOT/examples/smart-baby-room/bin/nucleo-f334/tsrb.a(tsrb.o)
 .debug_line    0x00005c59      0x634 /home/user/RIOT/examples/smart-baby-room/bin/nucleo-f334/smart-baby-room.a(main.o)
 .debug_line    0x0000628d      0x584 /home/user/RIOT/examples/smart-baby-room/bin/nucleo-f334/auto_init.a(auto_init.o)
 .debug_line    0x00006811      0x366 /home/user/RIOT/examples/smart-baby-room/bin/nucleo-f334/cortexm_common.a(cortexm_init.o)
 .debug_line    0x00006b77      0x6fd /home/user/RIOT/examples/smart-baby-room/bin/nucleo-f334/dht.a(dht.o)
 .debug_line    0x00007274      0x77a /home/user/RIOT/examples/smart-baby-room/bin/nucleo-f334/xtimer.a(xtimer.o)

.debug_str      0x00000000    0x471fd
 .debug_str     0x00000000    0x447f6 /home/user/RIOT/examples/smart-baby-room/bin/nucleo-f334/newlib_syscalls_default/syscalls.o
                              0x44b6a (size before relaxing)
 .debug_str     0x000447f6      0x13a /home/user/RIOT/examples/smart-baby-room/bin/nucleo-f334/cpu/vectors.o
                               0x3434 (size before relaxing)
 .debug_str     0x00044930      0x171 /home/user/RIOT/examples/smart-baby-room/bin/nucleo-f334/core.a(panic.o)
                              0x4068c (size before relaxing)
 .debug_str     0x00044aa1      0x350 /home/user/RIOT/examples/smart-baby-room/bin/nucleo-f334/core.a(sched.o)
                              0x41f28 (size before relaxing)
 .debug_str     0x00044df1       0x87 /home/user/RIOT/examples/smart-baby-room/bin/nucleo-f334/core.a(bitarithm.o)
                               0x5b3d (size before relaxing)
 .debug_str     0x00044e78       0xec /home/user/RIOT/examples/smart-baby-room/bin/nucleo-f334/cortexm_common.a(irq_arch.o)
                              0x401cb (size before relaxing)
 .debug_str     0x00044f64       0xab /home/user/RIOT/examples/smart-baby-room/bin/nucleo-f334/cortexm_common.a(panic.o)
                              0x403d2 (size before relaxing)
 .debug_str     0x0004500f      0x1c3 /home/user/RIOT/examples/smart-baby-room/bin/nucleo-f334/cortexm_common.a(thread_arch.o)
                              0x41d85 (size before relaxing)
 .debug_str     0x000451d2      0x280 /home/user/RIOT/examples/smart-baby-room/bin/nucleo-f334/cortexm_common.a(vectors_cortexm.o)
                              0x419f0 (size before relaxing)
 .debug_str     0x00045452       0x71 /home/user/RIOT/examples/smart-baby-room/bin/nucleo-f334/cpu.a(lpm_arch.o)
                               0x2923 (size before relaxing)
 .debug_str     0x000454c3      0x21d /home/user/RIOT/examples/smart-baby-room/bin/nucleo-f334/uart_stdio.a(uart_stdio.o)
                              0x42615 (size before relaxing)
 .debug_str     0x000456e0      0x316 /home/user/RIOT/examples/smart-baby-room/bin/nucleo-f334/xtimer.a(xtimer_core.o)
                              0x428e1 (size before relaxing)
 .debug_str     0x000459f6      0x12b /home/user/RIOT/examples/smart-baby-room/bin/nucleo-f334/board.a(board.o)
                              0x40d2a (size before relaxing)
 .debug_str     0x00045b21       0xe4 /home/user/RIOT/examples/smart-baby-room/bin/nucleo-f334/core.a(kernel_init.o)
                              0x42321 (size before relaxing)
 .debug_str     0x00045c05       0xc0 /home/user/RIOT/examples/smart-baby-room/bin/nucleo-f334/core.a(mutex.o)
                              0x41de8 (size before relaxing)
 .debug_str     0x00045cc5      0x159 /home/user/RIOT/examples/smart-baby-room/bin/nucleo-f334/core.a(thread.o)
                              0x423f1 (size before relaxing)
 .debug_str     0x00045e1e      0x1d1 /home/user/RIOT/examples/smart-baby-room/bin/nucleo-f334/cpu.a(cpu.o)
                              0x407dd (size before relaxing)
 .debug_str     0x00045fef      0x641 /home/user/RIOT/examples/smart-baby-room/bin/nucleo-f334/periph.a(gpio.o)
                              0x428ff (size before relaxing)
 .debug_str     0x00046630      0x173 /home/user/RIOT/examples/smart-baby-room/bin/nucleo-f334/periph.a(timer.o)
                              0x429be (size before relaxing)
 .debug_str     0x000467a3       0xfc /home/user/RIOT/examples/smart-baby-room/bin/nucleo-f334/periph.a(uart.o)
                              0x4273a (size before relaxing)
 .debug_str     0x0004689f       0x95 /home/user/RIOT/examples/smart-baby-room/bin/nucleo-f334/tsrb.a(tsrb.o)
                               0x2d50 (size before relaxing)
 .debug_str     0x00046934      0x4f1 /home/user/RIOT/examples/smart-baby-room/bin/nucleo-f334/smart-baby-room.a(main.o)
                              0x42619 (size before relaxing)
 .debug_str     0x00046e25       0xa4 /home/user/RIOT/examples/smart-baby-room/bin/nucleo-f334/auto_init.a(auto_init.o)
                              0x425b7 (size before relaxing)
 .debug_str     0x00046ec9       0xa8 /home/user/RIOT/examples/smart-baby-room/bin/nucleo-f334/cortexm_common.a(cortexm_init.o)
                              0x405a6 (size before relaxing)
 .debug_str     0x00046f71       0xd3 /home/user/RIOT/examples/smart-baby-room/bin/nucleo-f334/dht.a(dht.o)
                              0x42e87 (size before relaxing)
 .debug_str     0x00047044      0x1b9 /home/user/RIOT/examples/smart-baby-room/bin/nucleo-f334/xtimer.a(xtimer.o)
                              0x42a26 (size before relaxing)

.comment        0x00000000       0x70
 .comment       0x00000000       0x70 /home/user/RIOT/examples/smart-baby-room/bin/nucleo-f334/newlib_syscalls_default/syscalls.o
                                 0x71 (size before relaxing)
 .comment       0x00000000       0x71 /home/user/RIOT/examples/smart-baby-room/bin/nucleo-f334/cpu/vectors.o
 .comment       0x00000000       0x71 /home/user/RIOT/examples/smart-baby-room/bin/nucleo-f334/core.a(panic.o)
 .comment       0x00000000       0x71 /home/user/RIOT/examples/smart-baby-room/bin/nucleo-f334/core.a(sched.o)
 .comment       0x00000000       0x71 /home/user/RIOT/examples/smart-baby-room/bin/nucleo-f334/core.a(bitarithm.o)
 .comment       0x00000000       0x71 /home/user/RIOT/examples/smart-baby-room/bin/nucleo-f334/cortexm_common.a(irq_arch.o)
 .comment       0x00000000       0x71 /home/user/RIOT/examples/smart-baby-room/bin/nucleo-f334/cortexm_common.a(panic.o)
 .comment       0x00000000       0x71 /home/user/RIOT/examples/smart-baby-room/bin/nucleo-f334/cortexm_common.a(thread_arch.o)
 .comment       0x00000000       0x71 /home/user/RIOT/examples/smart-baby-room/bin/nucleo-f334/cortexm_common.a(vectors_cortexm.o)
 .comment       0x00000000       0x71 /home/user/RIOT/examples/smart-baby-room/bin/nucleo-f334/cpu.a(lpm_arch.o)
 .comment       0x00000000       0x71 /home/user/RIOT/examples/smart-baby-room/bin/nucleo-f334/uart_stdio.a(uart_stdio.o)
 .comment       0x00000000       0x71 /home/user/RIOT/examples/smart-baby-room/bin/nucleo-f334/xtimer.a(xtimer_core.o)
 .comment       0x00000000       0x71 /home/user/RIOT/examples/smart-baby-room/bin/nucleo-f334/board.a(board.o)
 .comment       0x00000000       0x71 /home/user/RIOT/examples/smart-baby-room/bin/nucleo-f334/core.a(kernel_init.o)
 .comment       0x00000000       0x71 /home/user/RIOT/examples/smart-baby-room/bin/nucleo-f334/core.a(mutex.o)
 .comment       0x00000000       0x71 /home/user/RIOT/examples/smart-baby-room/bin/nucleo-f334/core.a(thread.o)
 .comment       0x00000000       0x71 /home/user/RIOT/examples/smart-baby-room/bin/nucleo-f334/cpu.a(cpu.o)
 .comment       0x00000000       0x71 /home/user/RIOT/examples/smart-baby-room/bin/nucleo-f334/periph.a(gpio.o)
 .comment       0x00000000       0x71 /home/user/RIOT/examples/smart-baby-room/bin/nucleo-f334/periph.a(timer.o)
 .comment       0x00000000       0x71 /home/user/RIOT/examples/smart-baby-room/bin/nucleo-f334/periph.a(uart.o)
 .comment       0x00000000       0x71 /home/user/RIOT/examples/smart-baby-room/bin/nucleo-f334/tsrb.a(tsrb.o)
 .comment       0x00000000       0x71 /home/user/RIOT/examples/smart-baby-room/bin/nucleo-f334/smart-baby-room.a(main.o)
 .comment       0x00000000       0x71 /home/user/RIOT/examples/smart-baby-room/bin/nucleo-f334/auto_init.a(auto_init.o)
 .comment       0x00000000       0x71 /home/user/RIOT/examples/smart-baby-room/bin/nucleo-f334/cortexm_common.a(cortexm_init.o)
 .comment       0x00000000       0x71 /home/user/RIOT/examples/smart-baby-room/bin/nucleo-f334/dht.a(dht.o)
 .comment       0x00000000       0x71 /home/user/RIOT/examples/smart-baby-room/bin/nucleo-f334/xtimer.a(xtimer.o)

.ARM.attributes
                0x00000000       0x33
 .ARM.attributes
                0x00000000       0x33 /home/user/RIOT/examples/smart-baby-room/bin/nucleo-f334/newlib_syscalls_default/syscalls.o
 .ARM.attributes
                0x00000033       0x33 /home/user/RIOT/examples/smart-baby-room/bin/nucleo-f334/cpu/vectors.o
 .ARM.attributes
                0x00000066       0x33 /home/user/RIOT/examples/smart-baby-room/bin/nucleo-f334/core.a(panic.o)
 .ARM.attributes
                0x00000099       0x33 /home/user/RIOT/examples/smart-baby-room/bin/nucleo-f334/core.a(sched.o)
 .ARM.attributes
                0x000000cc       0x33 /home/user/RIOT/examples/smart-baby-room/bin/nucleo-f334/core.a(bitarithm.o)
 .ARM.attributes
                0x000000ff       0x33 /home/user/RIOT/examples/smart-baby-room/bin/nucleo-f334/cortexm_common.a(irq_arch.o)
 .ARM.attributes
                0x00000132       0x33 /home/user/RIOT/examples/smart-baby-room/bin/nucleo-f334/cortexm_common.a(panic.o)
 .ARM.attributes
                0x00000165       0x33 /home/user/RIOT/examples/smart-baby-room/bin/nucleo-f334/cortexm_common.a(thread_arch.o)
 .ARM.attributes
                0x00000198       0x33 /home/user/RIOT/examples/smart-baby-room/bin/nucleo-f334/cortexm_common.a(vectors_cortexm.o)
 .ARM.attributes
                0x000001cb       0x33 /home/user/RIOT/examples/smart-baby-room/bin/nucleo-f334/cpu.a(lpm_arch.o)
 .ARM.attributes
                0x000001fe       0x33 /home/user/RIOT/examples/smart-baby-room/bin/nucleo-f334/uart_stdio.a(uart_stdio.o)
 .ARM.attributes
                0x00000231       0x33 /home/user/RIOT/examples/smart-baby-room/bin/nucleo-f334/xtimer.a(xtimer_core.o)
 .ARM.attributes
                0x00000264       0x33 /home/user/RIOT/examples/smart-baby-room/bin/nucleo-f334/board.a(board.o)
 .ARM.attributes
                0x00000297       0x33 /home/user/RIOT/examples/smart-baby-room/bin/nucleo-f334/core.a(kernel_init.o)
 .ARM.attributes
                0x000002ca       0x33 /home/user/RIOT/examples/smart-baby-room/bin/nucleo-f334/core.a(mutex.o)
 .ARM.attributes
                0x000002fd       0x33 /home/user/RIOT/examples/smart-baby-room/bin/nucleo-f334/core.a(thread.o)
 .ARM.attributes
                0x00000330       0x33 /home/user/RIOT/examples/smart-baby-room/bin/nucleo-f334/cpu.a(cpu.o)
 .ARM.attributes
                0x00000363       0x33 /home/user/RIOT/examples/smart-baby-room/bin/nucleo-f334/periph.a(gpio.o)
 .ARM.attributes
                0x00000396       0x33 /home/user/RIOT/examples/smart-baby-room/bin/nucleo-f334/periph.a(timer.o)
 .ARM.attributes
                0x000003c9       0x33 /home/user/RIOT/examples/smart-baby-room/bin/nucleo-f334/periph.a(uart.o)
 .ARM.attributes
                0x000003fc       0x33 /home/user/RIOT/examples/smart-baby-room/bin/nucleo-f334/tsrb.a(tsrb.o)
 .ARM.attributes
                0x0000042f       0x33 /home/user/RIOT/examples/smart-baby-room/bin/nucleo-f334/smart-baby-room.a(main.o)
 .ARM.attributes
                0x00000462       0x33 /home/user/RIOT/examples/smart-baby-room/bin/nucleo-f334/auto_init.a(auto_init.o)
 .ARM.attributes
                0x00000495       0x33 /home/user/RIOT/examples/smart-baby-room/bin/nucleo-f334/cortexm_common.a(cortexm_init.o)
 .ARM.attributes
                0x000004c8       0x33 /home/user/RIOT/examples/smart-baby-room/bin/nucleo-f334/dht.a(dht.o)
 .ARM.attributes
                0x000004fb       0x33 /home/user/RIOT/examples/smart-baby-room/bin/nucleo-f334/xtimer.a(xtimer.o)
 .ARM.attributes
                0x0000052e       0x2e /usr/bin/../lib/gcc/arm-none-eabi/4.9.3/../../../../arm-none-eabi/lib/armv7e-m/libc_nano.a(lib_a-impure.o)
 .ARM.attributes
                0x0000055c       0x2e /usr/bin/../lib/gcc/arm-none-eabi/4.9.3/../../../../arm-none-eabi/lib/armv7e-m/libc_nano.a(lib_a-init.o)
 .ARM.attributes
                0x0000058a       0x2e /usr/bin/../lib/gcc/arm-none-eabi/4.9.3/../../../../arm-none-eabi/lib/armv7e-m/libc_nano.a(lib_a-memcpy.o)
 .ARM.attributes
                0x000005b8       0x2e /usr/bin/../lib/gcc/arm-none-eabi/4.9.3/../../../../arm-none-eabi/lib/armv7e-m/libc_nano.a(lib_a-printf.o)
 .ARM.attributes
                0x000005e6       0x2e /usr/bin/../lib/gcc/arm-none-eabi/4.9.3/../../../../arm-none-eabi/lib/armv7e-m/libc_nano.a(lib_a-puts.o)
 .ARM.attributes
                0x00000614       0x2e /usr/bin/../lib/gcc/arm-none-eabi/4.9.3/../../../../arm-none-eabi/lib/armv7e-m/libc_nano.a(lib_a-wbuf.o)
 .ARM.attributes
                0x00000642       0x2e /usr/bin/../lib/gcc/arm-none-eabi/4.9.3/../../../../arm-none-eabi/lib/armv7e-m/libc_nano.a(lib_a-wsetup.o)
 .ARM.attributes
                0x00000670       0x2e /usr/bin/../lib/gcc/arm-none-eabi/4.9.3/../../../../arm-none-eabi/lib/armv7e-m/libc_nano.a(lib_a-fflush.o)
 .ARM.attributes
                0x0000069e       0x2e /usr/bin/../lib/gcc/arm-none-eabi/4.9.3/../../../../arm-none-eabi/lib/armv7e-m/libc_nano.a(lib_a-findfp.o)
 .ARM.attributes
                0x000006cc       0x2e /usr/bin/../lib/gcc/arm-none-eabi/4.9.3/../../../../arm-none-eabi/lib/armv7e-m/libc_nano.a(lib_a-fwalk.o)
 .ARM.attributes
                0x000006fa       0x2e /usr/bin/../lib/gcc/arm-none-eabi/4.9.3/../../../../arm-none-eabi/lib/armv7e-m/libc_nano.a(lib_a-makebuf.o)
 .ARM.attributes
                0x00000728       0x2e /usr/bin/../lib/gcc/arm-none-eabi/4.9.3/../../../../arm-none-eabi/lib/armv7e-m/libc_nano.a(lib_a-memset.o)
 .ARM.attributes
                0x00000756       0x2e /usr/bin/../lib/gcc/arm-none-eabi/4.9.3/../../../../arm-none-eabi/lib/armv7e-m/libc_nano.a(lib_a-nano-freer.o)
 .ARM.attributes
                0x00000784       0x2e /usr/bin/../lib/gcc/arm-none-eabi/4.9.3/../../../../arm-none-eabi/lib/armv7e-m/libc_nano.a(lib_a-nano-mallocr.o)
 .ARM.attributes
                0x000007b2       0x2e /usr/bin/../lib/gcc/arm-none-eabi/4.9.3/../../../../arm-none-eabi/lib/armv7e-m/libc_nano.a(lib_a-nano-vfprintf.o)
 .ARM.attributes
                0x000007e0       0x2e /usr/bin/../lib/gcc/arm-none-eabi/4.9.3/../../../../arm-none-eabi/lib/armv7e-m/libc_nano.a(lib_a-nano-vfprintf_i.o)
 .ARM.attributes
                0x0000080e       0x2e /usr/bin/../lib/gcc/arm-none-eabi/4.9.3/../../../../arm-none-eabi/lib/armv7e-m/libc_nano.a(lib_a-stdio.o)
 .ARM.attributes
                0x0000083c       0x2e /usr/bin/../lib/gcc/arm-none-eabi/4.9.3/../../../../arm-none-eabi/lib/armv7e-m/libc_nano.a(lib_a-memchr.o)

.debug_frame    0x00000000     0x1440
 .debug_frame   0x00000000      0x158 /home/user/RIOT/examples/smart-baby-room/bin/nucleo-f334/newlib_syscalls_default/syscalls.o
 .debug_frame   0x00000158       0x20 /home/user/RIOT/examples/smart-baby-room/bin/nucleo-f334/cpu/vectors.o
 .debug_frame   0x00000178       0x28 /home/user/RIOT/examples/smart-baby-room/bin/nucleo-f334/core.a(panic.o)
 .debug_frame   0x000001a0       0x80 /home/user/RIOT/examples/smart-baby-room/bin/nucleo-f334/core.a(sched.o)
 .debug_frame   0x00000220       0x40 /home/user/RIOT/examples/smart-baby-room/bin/nucleo-f334/core.a(bitarithm.o)
 .debug_frame   0x00000260       0x50 /home/user/RIOT/examples/smart-baby-room/bin/nucleo-f334/cortexm_common.a(irq_arch.o)
 .debug_frame   0x000002b0       0x28 /home/user/RIOT/examples/smart-baby-room/bin/nucleo-f334/cortexm_common.a(panic.o)
 .debug_frame   0x000002d8       0x8c /home/user/RIOT/examples/smart-baby-room/bin/nucleo-f334/cortexm_common.a(thread_arch.o)
 .debug_frame   0x00000364      0x114 /home/user/RIOT/examples/smart-baby-room/bin/nucleo-f334/cortexm_common.a(vectors_cortexm.o)
 .debug_frame   0x00000478       0x70 /home/user/RIOT/examples/smart-baby-room/bin/nucleo-f334/cpu.a(lpm_arch.o)
 .debug_frame   0x000004e8       0x70 /home/user/RIOT/examples/smart-baby-room/bin/nucleo-f334/uart_stdio.a(uart_stdio.o)
 .debug_frame   0x00000558      0x194 /home/user/RIOT/examples/smart-baby-room/bin/nucleo-f334/xtimer.a(xtimer_core.o)
 .debug_frame   0x000006ec       0x2c /home/user/RIOT/examples/smart-baby-room/bin/nucleo-f334/board.a(board.o)
 .debug_frame   0x00000718       0x58 /home/user/RIOT/examples/smart-baby-room/bin/nucleo-f334/core.a(kernel_init.o)
 .debug_frame   0x00000770       0x7c /home/user/RIOT/examples/smart-baby-room/bin/nucleo-f334/core.a(mutex.o)
 .debug_frame   0x000007ec      0x100 /home/user/RIOT/examples/smart-baby-room/bin/nucleo-f334/core.a(thread.o)
 .debug_frame   0x000008ec       0x28 /home/user/RIOT/examples/smart-baby-room/bin/nucleo-f334/cpu.a(cpu.o)
 .debug_frame   0x00000914      0x138 /home/user/RIOT/examples/smart-baby-room/bin/nucleo-f334/periph.a(gpio.o)
 .debug_frame   0x00000a4c       0xe0 /home/user/RIOT/examples/smart-baby-room/bin/nucleo-f334/periph.a(timer.o)
 .debug_frame   0x00000b2c       0x5c /home/user/RIOT/examples/smart-baby-room/bin/nucleo-f334/periph.a(uart.o)
 .debug_frame   0x00000b88       0x78 /home/user/RIOT/examples/smart-baby-room/bin/nucleo-f334/tsrb.a(tsrb.o)
 .debug_frame   0x00000c00       0x34 /home/user/RIOT/examples/smart-baby-room/bin/nucleo-f334/smart-baby-room.a(main.o)